Component: ARM Compiler 5.05 update 1 (build 106) Tool: armlink [4d0efa]

==============================================================================

Section Cross References

    startup_stm32f429xx.o(RESET) refers to startup_stm32f429xx.o(STACK) for __initial_sp
    startup_stm32f429xx.o(RESET) refers to startup_stm32f429xx.o(.text) for Reset_Handler
    startup_stm32f429xx.o(RESET) refers to stm32f4xx_it.o(i.NMI_Handler) for NMI_Handler
    startup_stm32f429xx.o(RESET) refers to stm32f4xx_it.o(i.HardFault_Handler) for HardFault_Handler
    startup_stm32f429xx.o(RESET) refers to stm32f4xx_it.o(i.MemManage_Handler) for MemManage_Handler
    startup_stm32f429xx.o(RESET) refers to stm32f4xx_it.o(i.BusFault_Handler) for BusFault_Handler
    startup_stm32f429xx.o(RESET) refers to stm32f4xx_it.o(i.UsageFault_Handler) for UsageFault_Handler
    startup_stm32f429xx.o(RESET) refers to stm32f4xx_it.o(i.SVC_Handler) for SVC_Handler
    startup_stm32f429xx.o(RESET) refers to stm32f4xx_it.o(i.DebugMon_Handler) for DebugMon_Handler
    startup_stm32f429xx.o(RESET) refers to stm32f4xx_it.o(i.PendSV_Handler) for PendSV_Handler
    startup_stm32f429xx.o(RESET) refers to stm32f4xx_it.o(i.SysTick_Handler) for SysTick_Handler
    startup_stm32f429xx.o(RESET) refers to wkup.o(i.EXTI0_IRQHandler) for EXTI0_IRQHandler
    startup_stm32f429xx.o(.text) refers to system_stm32f4xx.o(i.SystemInit) for SystemInit
    startup_stm32f429xx.o(.text) refers to entry.o(.ARM.Collect$$$$00000000) for __main
    lcd144_dri_1.o(i.DISP_WINDOWS) refers to lcd144_dri_1.o(i.Lcd_WriteIndex) for Lcd_WriteIndex
    lcd144_dri_1.o(i.DISP_WINDOWS) refers to lcd144_dri_1.o(i.Lcd_WriteData) for Lcd_WriteData
    lcd144_dri_1.o(i.Gui_DrawPoint) refers to lcd144_dri_1.o(i.Lcd_SetXY) for Lcd_SetXY
    lcd144_dri_1.o(i.Gui_DrawPoint) refers to lcd144_dri_1.o(i.Lcd_WriteData_16Bit) for Lcd_WriteData_16Bit
    lcd144_dri_1.o(i.LCD_GPIO_Init) refers to memseta.o(.text) for __aeabi_memclr4
    lcd144_dri_1.o(i.LCD_GPIO_Init) refers to stm32f4xx_hal_gpio.o(i.HAL_GPIO_WritePin) for HAL_GPIO_WritePin
    lcd144_dri_1.o(i.LCD_GPIO_Init) refers to stm32f4xx_hal_gpio.o(i.HAL_GPIO_Init) for HAL_GPIO_Init
    lcd144_dri_1.o(i.LCD_WriteReg) refers to lcd144_dri_1.o(i.Lcd_WriteIndex) for Lcd_WriteIndex
    lcd144_dri_1.o(i.LCD_WriteReg) refers to lcd144_dri_1.o(i.Lcd_WriteData_16Bit) for Lcd_WriteData_16Bit
    lcd144_dri_1.o(i.Lcd_Clear) refers to lcd144_dri_1.o(i.Lcd_SetRegion) for Lcd_SetRegion
    lcd144_dri_1.o(i.Lcd_Clear) refers to lcd144_dri_1.o(i.SPIv_WriteData) for SPIv_WriteData
    lcd144_dri_1.o(i.Lcd_Init) refers to lcd144_dri_1.o(i.LCD_GPIO_Init) for LCD_GPIO_Init
    lcd144_dri_1.o(i.Lcd_Init) refers to lcd144_dri_1.o(i.Lcd_Reset) for Lcd_Reset
    lcd144_dri_1.o(i.Lcd_Init) refers to lcd144_dri_1.o(i.Lcd_WriteIndex) for Lcd_WriteIndex
    lcd144_dri_1.o(i.Lcd_Init) refers to lcd144_dri_1.o(i.Lcd_WriteData) for Lcd_WriteData
    lcd144_dri_1.o(i.Lcd_Init) refers to lcd144_dri_1.o(i.lcd_display_off) for lcd_display_off
    lcd144_dri_1.o(i.Lcd_Reset) refers to lcd144_dri_1.o(i.LCD_GPIO_Init) for LCD_GPIO_Init
    lcd144_dri_1.o(i.Lcd_Reset) refers to delay.o(i.delay_ms) for delay_ms
    lcd144_dri_1.o(i.Lcd_SetRegion) refers to lcd144_dri_1.o(i.Lcd_WriteIndex) for Lcd_WriteIndex
    lcd144_dri_1.o(i.Lcd_SetRegion) refers to lcd144_dri_1.o(i.Lcd_WriteData_16Bit) for Lcd_WriteData_16Bit
    lcd144_dri_1.o(i.Lcd_SetXY) refers to lcd144_dri_1.o(i.Lcd_WriteIndex) for Lcd_WriteIndex
    lcd144_dri_1.o(i.Lcd_SetXY) refers to lcd144_dri_1.o(i.Lcd_WriteData_16Bit) for Lcd_WriteData_16Bit
    lcd144_dri_1.o(i.Lcd_WriteData) refers to lcd144_dri_1.o(i.SPIv_WriteData) for SPIv_WriteData
    lcd144_dri_1.o(i.Lcd_WriteData_16Bit) refers to lcd144_dri_1.o(i.Lcd_WriteData) for Lcd_WriteData
    lcd144_dri_1.o(i.Lcd_WriteIndex) refers to lcd144_dri_1.o(i.SPIv_WriteData) for SPIv_WriteData
    lcd144_dri_1.o(i.lcd_display_off) refers to lcd144_dri_1.o(i.Lcd_WriteIndex) for Lcd_WriteIndex
    lcd144_dri_1.o(i.lcd_display_on) refers to lcd144_dri_1.o(i.Lcd_WriteIndex) for Lcd_WriteIndex
    music.o(i.music_init) refers to memseta.o(.text) for __aeabi_memclr4
    music.o(i.music_init) refers to stm32f4xx_hal_gpio.o(i.HAL_GPIO_WritePin) for HAL_GPIO_WritePin
    music.o(i.music_init) refers to stm32f4xx_hal_gpio.o(i.HAL_GPIO_Init) for HAL_GPIO_Init
    music.o(i.music_on) refers to delay.o(i.delay_ms) for delay_ms
    music.o(i.music_on) refers to delay.o(i.delay_us) for delay_us
    main.o(i.SystemClock_Config) refers to memseta.o(.text) for __aeabi_memclr4
    main.o(i.SystemClock_Config) refers to stm32f4xx_hal_rcc.o(i.HAL_RCC_OscConfig) for HAL_RCC_OscConfig
    main.o(i.SystemClock_Config) refers to stm32f4xx_hal_pwr_ex.o(i.HAL_PWREx_EnableOverDrive) for HAL_PWREx_EnableOverDrive
    main.o(i.SystemClock_Config) refers to stm32f4xx_hal_rcc.o(i.HAL_RCC_ClockConfig) for HAL_RCC_ClockConfig
    main.o(i.main) refers to stm32f4xx_hal.o(i.HAL_Init) for HAL_Init
[...]
    Removing stm32f4xx_hal_nand.o(i.HAL_NAND_Read_SpareArea_8b), (308 bytes).
    Removing stm32f4xx_hal_nand.o(i.HAL_NAND_Read_Status), (46 bytes).
    Removing stm32f4xx_hal_nand.o(i.HAL_NAND_Reset), (66 bytes).
    Removing stm32f4xx_hal_nand.o(i.HAL_NAND_Write_Page_16b), (278 bytes).
    Removing stm32f4xx_hal_nand.o(i.HAL_NAND_Write_Page_8b), (290 bytes).
    Removing stm32f4xx_hal_nand.o(i.HAL_NAND_Write_SpareArea_16b), (306 bytes).
    Removing stm32f4xx_hal_nand.o(i.HAL_NAND_Write_SpareArea_8b), (298 bytes).
    Removing stm32f4xx_ll_fmc.o(.rev16_text), (4 bytes).
    Removing stm32f4xx_ll_fmc.o(.revsh_text), (4 bytes).
    Removing stm32f4xx_ll_fmc.o(.rrx_text), (6 bytes).
    Removing stm32f4xx_ll_fmc.o(i.FMC_NAND_DeInit), (52 bytes).
    Removing stm32f4xx_ll_fmc.o(i.FMC_NAND_ECC_Disable), (26 bytes).
    Removing stm32f4xx_ll_fmc.o(i.FMC_NAND_ECC_Enable), (26 bytes).
    Removing stm32f4xx_ll_fmc.o(i.FMC_NAND_GetECC), (80 bytes).
    Removing stm32f4xx_ll_fmc.o(i.FMC_NORSRAM_DeInit), (50 bytes).
    Removing stm32f4xx_ll_fmc.o(i.FMC_NORSRAM_Extended_Timing_Init), (64 bytes).
    Removing stm32f4xx_ll_fmc.o(i.FMC_NORSRAM_Init), (108 bytes).
    Removing stm32f4xx_ll_fmc.o(i.FMC_NORSRAM_Timing_Init), (92 bytes).
    Removing stm32f4xx_ll_fmc.o(i.FMC_NORSRAM_WriteOperation_Disable), (16 bytes).
    Removing stm32f4xx_ll_fmc.o(i.FMC_NORSRAM_WriteOperation_Enable), (16 bytes).
    Removing stm32f4xx_ll_fmc.o(i.FMC_PCCARD_AttributeSpace_Timing_Init), (28 bytes).
    Removing stm32f4xx_ll_fmc.o(i.FMC_PCCARD_CommonSpace_Timing_Init), (28 bytes).
    Removing stm32f4xx_ll_fmc.o(i.FMC_PCCARD_DeInit), (30 bytes).
    Removing stm32f4xx_ll_fmc.o(i.FMC_PCCARD_IOSpace_Timing_Init), (28 bytes).
    Removing stm32f4xx_ll_fmc.o(i.FMC_PCCARD_Init), (40 bytes).
    Removing stm32f4xx_ll_fmc.o(i.FMC_SDRAM_DeInit), (30 bytes).
    Removing stm32f4xx_ll_fmc.o(i.FMC_SDRAM_GetModeStatus), (18 bytes).
    Removing stm32f4xx_ll_fmc.o(i.FMC_SDRAM_Init), (80 bytes).
    Removing stm32f4xx_ll_fmc.o(i.FMC_SDRAM_ProgramRefreshRate), (12 bytes).
    Removing stm32f4xx_ll_fmc.o(i.FMC_SDRAM_SendCommand), (72 bytes).
    Removing stm32f4xx_ll_fmc.o(i.FMC_SDRAM_SetAutoRefreshNumber), (12 bytes).
    Removing stm32f4xx_ll_fmc.o(i.FMC_SDRAM_Timing_Init), (128 bytes).
    Removing stm32f4xx_ll_fmc.o(i.FMC_SDRAM_WriteProtection_Disable), (16 bytes).
    Removing stm32f4xx_ll_fmc.o(i.FMC_SDRAM_WriteProtection_Enable), (16 bytes).
    Removing system_stm32f4xx.o(.rev16_text), (4 bytes).
    Removing system_stm32f4xx.o(.revsh_text), (4 bytes).
    Removing system_stm32f4xx.o(.rrx_text), (6 bytes).
    Removing system_stm32f4xx.o(i.SystemCoreClockUpdate), (124 bytes).
    Removing system_stm32f4xx.o(.constdata), (8 bytes).
    Removing delay.o(.rev16_text), (4 bytes).
    Removing delay.o(.revsh_text), (4 bytes).
    Removing delay.o(.rrx_text), (6 bytes).
    Removing font5_7.o(i.GUI_PutChar), (132 bytes).
    Removing font5_7.o(i.GUI_PutNoStr), (48 bytes).
    Removing font5_7.o(i.GUI_PutString), (34 bytes).
    Removing font5_7.o(.constdata), (768 bytes).
    Removing font8_8.o(i.GUI_PutChar8_8), (132 bytes).
    Removing font8_8.o(i.GUI_PutNoStr8_8), (48 bytes).
    Removing font8_8.o(i.GUI_PutString8_8), (34 bytes).
    Removing font8_8.o(.constdata), (768 bytes).
    Removing gui_basic.o(i.GUI_Line), (206 bytes).
    Removing gui_basic.o(i.GUI_LineS), (76 bytes).
    Removing gui_basic.o(i.GUI_Rectangle), (60 bytes).
    Removing gui_basic.o(i.GUI_RectangleFill), (96 bytes).
    Removing gui_basic.o(i.GUI_Square), (30 bytes).
    Removing gui_stockc.o(i.GUI_ExchangeColor), (16 bytes).
    Removing gui_stockc.o(i.GUI_GetBackColor), (12 bytes).
    Removing gui_stockc.o(i.GUI_GetDispColor), (12 bytes).
    Removing gui_stockc.o(i.GUI_SetColor), (12 bytes).
    Removing gui_stockc.o(.constdata), (8 bytes).
    Removing gui_stockc.o(.data), (2 bytes).
    Removing lcmdrv.o(.rev16_text), (4 bytes).
    Removing lcmdrv.o(.revsh_text), (4 bytes).
    Removing lcmdrv.o(.rrx_text), (6 bytes).
    Removing lcmdrv.o(i.GUI_ClearSCR), (68 bytes).
    Removing lcmdrv.o(i.GUI_Exec), (76 bytes).
    Removing lcmdrv.o(i.GUI_FillSCR), (36 bytes).
    Removing lcmdrv.o(i.GUI_HLine), (68 bytes).
    Removing lcmdrv.o(i.GUI_Initialize), (4 bytes).
    Removing lcmdrv.o(i.GUI_Point), (52 bytes).
    Removing lcmdrv.o(i.GUI_RLine), (116 bytes).
    Removing lcmdrv.o(i.GUI_ReadPoint), (52 bytes).
    Removing lcmdrv.o(.bss), (1024 bytes).
    Removing loadbit.o(i.GUI_LoadLine), (108 bytes).
    Removing loadbit.o(i.GUI_LoadPic), (54 bytes).
    Removing loadbit.o(i.GUI_LoadPic1), (62 bytes).
    Removing loadbit.o(i.GUI_PutHZ), (56 bytes).
    Removing menu.o(i.GUI_Button49x14), (14 bytes).
    Removing menu.o(i.GUI_Button_Cancle), (20 bytes).
    Removing menu.o(i.GUI_Button_Cancle1), (20 bytes).
    Removing menu.o(i.GUI_Button_OK), (20 bytes).
    Removing menu.o(i.GUI_Button_OK1), (20 bytes).
    Removing menu.o(i.GUI_MenuIcoDraw), (82 bytes).
    Removing menu.o(.constdata), (392 bytes).
    Removing wkup.o(.rev16_text), (4 bytes).
    Removing wkup.o(.revsh_text), (4 bytes).
    Removing wkup.o(.rrx_text), (6 bytes).
    Removing wkup.o(i.WKUP_Init), (96 bytes).
    Removing malloc.o(.rev16_text), (4 bytes).
    Removing malloc.o(.revsh_text), (4 bytes).
    Removing malloc.o(.rrx_text), (6 bytes).
    Removing malloc.o(i.mymemcpy), (18 bytes).
    Removing malloc.o(i.myrealloc), (60 bytes).
    Removing ftl.o(.rev16_text), (4 bytes).
    Removing ftl.o(.revsh_text), (4 bytes).
    Removing ftl.o(.rrx_text), (6 bytes).
    Removing ftl.o(i.FTL_SearchBadBlock), (168 bytes).
    Removing nand.o(.rev16_text), (4 bytes).
    Removing nand.o(.revsh_text), (4 bytes).
    Removing nand.o(.rrx_text), (6 bytes).
    Removing nand.o(i.NAND_EraseChip), (80 bytes).
    Removing dadd.o(.text), (334 bytes).
    Removing dmul.o(.text), (228 bytes).
    Removing ddiv.o(.text), (222 bytes).
    Removing dfixul.o(.text), (48 bytes).
    Removing cdrcmple.o(.text), (48 bytes).
    Removing depilogue.o(.text), (186 bytes).

588 unused section(s) (total 41444 bytes) removed from the image.

==============================================================================

Image Symbol Table

    Local Symbols

    Symbol Name                              Value     Ov Type        Size  Object(Section)

    ../Drivers/STM32F4xx_HAL_Driver/Src/stm32f4xx_hal.c 0x00000000   Number         0  stm32f4xx_hal.o ABSOLUTE
    ../Drivers/STM32F4xx_HAL_Driver/Src/stm32f4xx_hal_cortex.c 0x00000000   Number         0  stm32f4xx_hal_cortex.o ABSOLUTE
    ../Drivers/STM32F4xx_HAL_Driver/Src/stm32f4xx_hal_dma.c 0x00000000   Number         0  stm32f4xx_hal_dma.o ABSOLUTE
    ../Drivers/STM32F4xx_HAL_Driver/Src/stm32f4xx_hal_dma_ex.c 0x00000000   Number         0  stm32f4xx_hal_dma_ex.o ABSOLUTE
    ../Drivers/STM32F4xx_HAL_Driver/Src/stm32f4xx_hal_flash.c 0x00000000   Number         0  stm32f4xx_hal_flash.o ABSOLUTE
    ../Drivers/STM32F4xx_HAL_Driver/Src/stm32f4xx_hal_flash_ex.c 0x00000000   Number         0  stm32f4xx_hal_flash_ex.o ABSOLUTE
    ../Drivers/STM32F4xx_HAL_Driver/Src/stm32f4xx_hal_flash_ramfunc.c 0x00000000   Number         0  stm32f4xx_hal_flash_ramfunc.o ABSOLUTE
    ../Drivers/STM32F4xx_HAL_Driver/Src/stm32f4xx_hal_gpio.c 0x00000000   Number         0  stm32f4xx_hal_gpio.o ABSOLUTE
    ../Drivers/STM32F4xx_HAL_Driver/Src/stm32f4xx_hal_pwr.c 0x00000000   Number         0  stm32f4xx_hal_pwr.o ABSOLUTE
    ../Drivers/STM32F4xx_HAL_Driver/Src/stm32f4xx_hal_pwr_ex.c 0x00000000   Number         0  stm32f4xx_hal_pwr_ex.o ABSOLUTE
    ../Drivers/STM32F4xx_HAL_Driver/Src/stm32f4xx_hal_rcc.c 0x00000000   Number         0  stm32f4xx_hal_rcc.o ABSOLUTE
    ../Drivers/STM32F4xx_HAL_Driver/Src/stm32f4xx_hal_rcc_ex.c 0x00000000   Number         0  stm32f4xx_hal_rcc_ex.o ABSOLUTE
    ../Drivers/STM32F4xx_HAL_Driver/Src/stm32f4xx_hal_tim.c 0x00000000   Number         0  stm32f4xx_hal_tim.o ABSOLUTE
    ../Drivers/STM32F4xx_HAL_Driver/Src/stm32f4xx_hal_tim_ex.c 0x00000000   Number         0  stm32f4xx_hal_tim_ex.o ABSOLUTE
    ../Src/main.c                            0x00000000   Number         0  main.o ABSOLUTE
    ../Src/stm32f4xx_hal_msp.c               0x00000000   Number         0  stm32f4xx_hal_msp.o ABSOLUTE
    ../Src/stm32f4xx_it.c                    0x00000000   Number         0  stm32f4xx_it.o ABSOLUTE
    ../Src/system_stm32f4xx.c                0x00000000   Number         0  system_stm32f4xx.o ABSOLUTE
    ../clib/../cmprslib/zerorunl2.c          0x00000000   Number         0  __dczerorl2.o ABSOLUTE
    ../clib/microlib/division.c              0x00000000   Number         0  uidiv.o ABSOLUTE
    ../clib/microlib/division.c              0x00000000   Number         0  uldiv.o ABSOLUTE
    ../clib/microlib/init/entry.s            0x00000000   Number         0  entry7a.o ABSOLUTE
    ../clib/microlib/init/entry.s            0x00000000   Number         0  entry8a.o ABSOLUTE
    ../clib/microlib/init/entry.s            0x00000000   Number         0  entry8b.o ABSOLUTE
    ../clib/microlib/init/entry.s            0x00000000   Number         0  entry7b.o ABSOLUTE
    ../clib/microlib/init/entry.s            0x00000000   Number         0  entry.o ABSOLUTE
    ../clib/microlib/init/entry.s            0x00000000   Number         0  entry5.o ABSOLUTE
    ../clib/microlib/init/entry.s            0x00000000   Number         0  entry9a.o ABSOLUTE
    ../clib/microlib/init/entry.s            0x00000000   Number         0  entry10a.o ABSOLUTE
    ../clib/microlib/init/entry.s            0x00000000   Number         0  entry11b.o ABSOLUTE
    ../clib/microlib/init/entry.s            0x00000000   Number         0  entry11a.o ABSOLUTE
    ../clib/microlib/init/entry.s            0x00000000   Number         0  entry10b.o ABSOLUTE
    ../clib/microlib/init/entry.s            0x00000000   Number         0  entry9b.o ABSOLUTE
    ../clib/microlib/init/entry.s            0x00000000   Number         0  entry2.o ABSOLUTE
    ../clib/microlib/longlong.c              0x00000000   Number         0  llushr.o ABSOLUTE
    ../clib/microlib/longlong.c              0x00000000   Number         0  llsshr.o ABSOLUTE
    ../clib/microlib/longlong.c              0x00000000   Number         0  llshl.o ABSOLUTE
    ../clib/microlib/printf/printf.c         0x00000000   Number         0  printf6.o ABSOLUTE
    ../clib/microlib/printf/printf.c         0x00000000   Number         0  printf7.o ABSOLUTE
    ../clib/microlib/printf/printf.c         0x00000000   Number         0  printf8.o ABSOLUTE
    ../clib/microlib/printf/printf.c         0x00000000   Number         0  printfa.o ABSOLUTE
    ../clib/microlib/printf/printf.c         0x00000000   Number         0  printf2.o ABSOLUTE
    ../clib/microlib/printf/printf.c         0x00000000   Number         0  printf0.o ABSOLUTE
    ../clib/microlib/printf/printf.c         0x00000000   Number         0  printf1.o ABSOLUTE
    ../clib/microlib/printf/printf.c         0x00000000   Number         0  printf3.o ABSOLUTE
    ../clib/microlib/printf/printf.c         0x00000000   Number         0  printfb.o ABSOLUTE
    ../clib/microlib/printf/printf.c         0x00000000   Number         0  printf5.o ABSOLUTE
    ../clib/microlib/printf/printf.c         0x00000000   Number         0  printf4.o ABSOLUTE
    ../clib/microlib/printf/stubs.s          0x00000000   Number         0  stubs.o ABSOLUTE
    ../clib/microlib/stdio/streams.c         0x00000000   Number         0  stdout.o ABSOLUTE
    ../clib/microlib/string/memset.c         0x00000000   Number         0  memseta.o ABSOLUTE
    ../clib/microlib/stubs.s                 0x00000000   Number         0  iusefp.o ABSOLUTE
    ../fplib/microlib/fpadd.c                0x00000000   Number         0  dadd.o ABSOLUTE
    ../fplib/microlib/fpdiv.c                0x00000000   Number         0  ddiv.o ABSOLUTE
    ../fplib/microlib/fpepilogue.c           0x00000000   Number         0  depilogue.o ABSOLUTE
    ../fplib/microlib/fpfix.c                0x00000000   Number         0  dfixul.o ABSOLUTE
    ../fplib/microlib/fpmul.c                0x00000000   Number         0  dmul.o ABSOLUTE
    ..\Drivers\STM32F4xx_HAL_Driver\Src\stm32f4xx_hal.c 0x00000000   Number         0  stm32f4xx_hal.o ABSOLUTE
    ..\Drivers\STM32F4xx_HAL_Driver\Src\stm32f4xx_hal_cortex.c 0x00000000   Number         0  stm32f4xx_hal_cortex.o ABSOLUTE
    ..\Drivers\STM32F4xx_HAL_Driver\Src\stm32f4xx_hal_dma.c 0x00000000   Number         0  stm32f4xx_hal_dma.o ABSOLUTE
    ..\Drivers\STM32F4xx_HAL_Driver\Src\stm32f4xx_hal_dma_ex.c 0x00000000   Number         0  stm32f4xx_hal_dma_ex.o ABSOLUTE
    ..\Drivers\STM32F4xx_HAL_Driver\Src\stm32f4xx_hal_flash.c 0x00000000   Number         0  stm32f4xx_hal_flash.o ABSOLUTE
    ..\Drivers\STM32F4xx_HAL_Driver\Src\stm32f4xx_hal_flash_ex.c 0x00000000   Number         0  stm32f4xx_hal_flash_ex.o ABSOLUTE
    ..\Drivers\STM32F4xx_HAL_Driver\Src\stm32f4xx_hal_flash_ramfunc.c 0x00000000   Number         0  stm32f4xx_hal_flash_ramfunc.o ABSOLUTE
    ..\Drivers\STM32F4xx_HAL_Driver\Src\stm32f4xx_hal_gpio.c 0x00000000   Number         0  stm32f4xx_hal_gpio.o ABSOLUTE
    ..\Drivers\STM32F4xx_HAL_Driver\Src\stm32f4xx_hal_nand.c 0x00000000   Number         0  stm32f4xx_hal_nand.o ABSOLUTE
    ..\Drivers\STM32F4xx_HAL_Driver\Src\stm32f4xx_hal_pwr.c 0x00000000   Number         0  stm32f4xx_hal_pwr.o ABSOLUTE
    ..\Drivers\STM32F4xx_HAL_Driver\Src\stm32f4xx_hal_pwr_ex.c 0x00000000   Number         0  stm32f4xx_hal_pwr_ex.o ABSOLUTE
    ..\Drivers\STM32F4xx_HAL_Driver\Src\stm32f4xx_hal_rcc.c 0x00000000   Number         0  stm32f4xx_hal_rcc.o ABSOLUTE
    ..\Drivers\STM32F4xx_HAL_Driver\Src\stm32f4xx_hal_rcc_ex.c 0x00000000   Number         0  stm32f4xx_hal_rcc_ex.o ABSOLUTE
    ..\Drivers\STM32F4xx_HAL_Driver\Src\stm32f4xx_hal_spi.c 0x00000000   Number         0  stm32f4xx_hal_spi.o ABSOLUTE
    ..\Drivers\STM32F4xx_HAL_Driver\Src\stm32f4xx_hal_tim.c 0x00000000   Number         0  stm32f4xx_hal_tim.o ABSOLUTE
    ..\Drivers\STM32F4xx_HAL_Driver\Src\stm32f4xx_hal_tim_ex.c 0x00000000   Number         0  stm32f4xx_hal_tim_ex.o ABSOLUTE
    ..\Drivers\STM32F4xx_HAL_Driver\Src\stm32f4xx_ll_fmc.c 0x00000000   Number         0  stm32f4xx_ll_fmc.o ABSOLUTE
    ..\MALLOC\malloc.c                       0x00000000   Number         0  malloc.o ABSOLUTE
    ..\NAND\ftl.c                            0x00000000   Number         0  ftl.o ABSOLUTE
    ..\NAND\nand.c                           0x00000000   Number         0  nand.o ABSOLUTE
    ..\Src\main.c                            0x00000000   Number         0  main.o ABSOLUTE
    ..\Src\stm32f4xx_hal_msp.c               0x00000000   Number         0  stm32f4xx_hal_msp.o ABSOLUTE
    ..\Src\stm32f4xx_it.c                    0x00000000   Number         0  stm32f4xx_it.o ABSOLUTE
    ..\Src\system_stm32f4xx.c                0x00000000   Number         0  system_stm32f4xx.o ABSOLUTE
    ..\\Drivers\\STM32F4xx_HAL_Driver\\Src\\stm32f4xx_hal_nand.c 0x00000000   Number         0  stm32f4xx_hal_nand.o ABSOLUTE
    ..\\Drivers\\STM32F4xx_HAL_Driver\\Src\\stm32f4xx_hal_spi.c 0x00000000   Number         0  stm32f4xx_hal_spi.o ABSOLUTE
    ..\\Drivers\\STM32F4xx_HAL_Driver\\Src\\stm32f4xx_ll_fmc.c 0x00000000   Number         0  stm32f4xx_ll_fmc.o ABSOLUTE
    ..\\MALLOC\\malloc.c                     0x00000000   Number         0  malloc.o ABSOLUTE
    ..\\NAND\\ftl.c                          0x00000000   Number         0  ftl.o ABSOLUTE
    ..\\NAND\\nand.c                         0x00000000   Number         0  nand.o ABSOLUTE
    ..\\wkup\\wkup.c                         0x00000000   Number         0  wkup.o ABSOLUTE
    ..\\zlggui\\lcmdrv.c                     0x00000000   Number         0  lcmdrv.o ABSOLUTE
    ..\wkup\wkup.c                           0x00000000   Number         0  wkup.o ABSOLUTE
    ..\zlggui\FONT24_32.C                    0x00000000   Number         0  font24_32.o ABSOLUTE
    ..\zlggui\FONT8_8.C                      0x00000000   Number         0  font8_8.o ABSOLUTE
    ..\zlggui\GUI_BASIC.C                    0x00000000   Number         0  gui_basic.o ABSOLUTE
    ..\zlggui\GUI_StockC.C                   0x00000000   Number         0  gui_stockc.o ABSOLUTE
    ..\zlggui\font5_7.c                      0x00000000   Number         0  font5_7.o ABSOLUTE
    ..\zlggui\lcmdrv.c                       0x00000000   Number         0  lcmdrv.o ABSOLUTE
    ..\zlggui\loadbit.c                      0x00000000   Number         0  loadbit.o ABSOLUTE
    ..\zlggui\menu.c                         0x00000000   Number         0  menu.o ABSOLUTE
    ..\zlggui\windows.c                      0x00000000   Number         0  windows.o ABSOLUTE
    OutDri\\lcd144_2.c                       0x00000000   Number         0  lcd144_2.o ABSOLUTE
    OutDri\\lcd144_dri.c                     0x00000000   Number         0  lcd144_dri_1.o ABSOLUTE
    OutDri\lcd144_2.c                        0x00000000   Number         0  lcd144_2.o ABSOLUTE
    OutDri\lcd144_dri.c                      0x00000000   Number         0  lcd144_dri_1.o ABSOLUTE
    button.c                                 0x00000000   Number         0  button.o ABSOLUTE
    button.c                                 0x00000000   Number         0  button.o ABSOLUTE
    cdrcmple.s                               0x00000000   Number         0  cdrcmple.o ABSOLUTE
    dc.s                                     0x00000000   Number         0  dc.o ABSOLUTE
    e_cure.c                                 0x00000000   Number         0  e_cure.o ABSOLUTE
    e_cure.c                                 0x00000000   Number         0  e_cure.o ABSOLUTE
    handlers.s                               0x00000000   Number         0  handlers.o ABSOLUTE
    init.s                                   0x00000000   Number         0  init.o ABSOLUTE
    music.c                                  0x00000000   Number         0  music.o ABSOLUTE
    music.c                                  0x00000000   Number         0  music.o ABSOLUTE
    oled.c                                   0x00000000   Number         0  oled.o ABSOLUTE
    oled.c                                   0x00000000   Number         0  oled.o ABSOLUTE
    power_control.c                          0x00000000   Number         0  power_control.o ABSOLUTE
    power_control.c                          0x00000000   Number         0  power_control.o ABSOLUTE
    pwm_back.c                               0x00000000   Number         0  pwm_back.o ABSOLUTE
    pwm_back.c                               0x00000000   Number         0  pwm_back.o ABSOLUTE
    startup_stm32f429xx.s                    0x00000000   Number         0  startup_stm32f429xx.o ABSOLUTE
    sys\\delay\\delay.c                      0x00000000   Number         0  delay.o ABSOLUTE
    sys\delay\delay.c                        0x00000000   Number         0  delay.o ABSOLUTE
    RESET                                    0x08000000   Section      428  startup_stm32f429xx.o(RESET)
    .ARM.Collect$$$$00000000                 0x080001ac   Section        0  entry.o(.ARM.Collect$$$$00000000)
    .ARM.Collect$$$$00000001                 0x080001ac   Section        4  entry2.o(.ARM.Collect$$$$00000001)
    .ARM.Collect$$$$00000004                 0x080001b0   Section        4  entry5.o(.ARM.Collect$$$$00000004)
    .ARM.Collect$$$$00000008                 0x080001b4   Section        0  entry7b.o(.ARM.Collect$$$$00000008)
    .ARM.Collect$$$$0000000A                 0x080001b4   Section        0  entry8b.o(.ARM.Collect$$$$0000000A)
    .ARM.Collect$$$$0000000B                 0x080001b4   Section        8  entry9a.o(.ARM.Collect$$$$0000000B)
    .ARM.Collect$$$$0000000D                 0x080001bc   Section        0  entry10a.o(.ARM.Collect$$$$0000000D)
    .ARM.Collect$$$$0000000F                 0x080001bc   Section        0  entry11a.o(.ARM.Collect$$$$0000000F)
    .ARM.Collect$$$$00002712                 0x080001bc   Section        4  entry2.o(.ARM.Collect$$$$00002712)
    __lit__00000000                          0x080001bc   Data           4  entry2.o(.ARM.Collect$$$$00002712)
    .text                                    0x080001c0   Section       36  startup_stm32f429xx.o(.text)
    $v0                                      0x080001c0   Number         0  startup_stm32f429xx.o(.text)
    .text                                    0x080001e4   Section        0  uldiv.o(.text)
    .text                                    0x08000246   Section        0  memseta.o(.text)
    .text                                    0x0800026a   Section        0  llshl.o(.text)
    .text                                    0x08000288   Section        0  llushr.o(.text)
    .text                                    0x080002a8   Section       36  init.o(.text)
    .text                                    0x080002cc   Section        0  __dczerorl2.o(.text)
    i.BusFault_Handler                       0x08000322   Section        0  stm32f4xx_it.o(i.BusFault_Handler)
    i.Check_WKUP                             0x08000324   Section        0  wkup.o(i.Check_WKUP)
    i.DebugMon_Handler                       0x0800035c   Section        0  stm32f4xx_it.o(i.DebugMon_Handler)
    i.EXTI0_IRQHandler                       0x0800035e   Section        0  wkup.o(i.EXTI0_IRQHandler)
    i.FMC_NAND_AttributeSpace_Timing_Init    0x08000364   Section        0  stm32f4xx_ll_fmc.o(i.FMC_NAND_AttributeSpace_Timing_Init)
    i.FMC_NAND_CommonSpace_Timing_Init       0x08000398   Section        0  stm32f4xx_ll_fmc.o(i.FMC_NAND_CommonSpace_Timing_Init)
    i.FMC_NAND_Init                          0x080003cc   Section        0  stm32f4xx_ll_fmc.o(i.FMC_NAND_Init)
    i.FTL_BadBlockMark                       0x0800041c   Section        0  ftl.o(i.FTL_BadBlockMark)
    i.FTL_BlockCompare                       0x0800044c   Section        0  ftl.o(i.FTL_BlockCompare)
    i.FTL_CheckBadBlock                      0x0800051c   Section        0  ftl.o(i.FTL_CheckBadBlock)
    i.FTL_CopyAndWriteToBlock                0x08000568   Section        0  ftl.o(i.FTL_CopyAndWriteToBlock)
    i.FTL_CreateLUT                          0x08000648   Section        0  ftl.o(i.FTL_CreateLUT)
    i.FTL_FindSamePlaneUnusedBlock           0x08000710   Section        0  ftl.o(i.FTL_FindSamePlaneUnusedBlock)
    i.FTL_FindUnusedBlock                    0x0800075c   Section        0  ftl.o(i.FTL_FindUnusedBlock)
    i.FTL_Format                             0x080007a0   Section        0  ftl.o(i.FTL_Format)
    i.FTL_Init                               0x08000860   Section        0  ftl.o(i.FTL_Init)
    i.FTL_LBNToPBN                           0x08000940   Section        0  ftl.o(i.FTL_LBNToPBN)
    i.FTL_ReadSectors                        0x0800095c   Section        0  ftl.o(i.FTL_ReadSectors)
    i.FTL_UsedBlockMark                      0x08000a74   Section        0  ftl.o(i.FTL_UsedBlockMark)
    i.FTL_WriteSectors                       0x08000a94   Section        0  ftl.o(i.FTL_WriteSectors)
    i.HAL_GPIO_EXTI_Callback                 0x08000bac   Section        0  wkup.o(i.HAL_GPIO_EXTI_Callback)
    i.HAL_GPIO_EXTI_IRQHandler               0x08000bd0   Section        0  stm32f4xx_hal_gpio.o(i.HAL_GPIO_EXTI_IRQHandler)
    i.HAL_GPIO_Init                          0x08000be8   Section        0  stm32f4xx_hal_gpio.o(i.HAL_GPIO_Init)
    i.HAL_GPIO_ReadPin                       0x08000db4   Section        0  stm32f4xx_hal_gpio.o(i.HAL_GPIO_ReadPin)
    i.HAL_GPIO_WritePin                      0x08000dbe   Section        0  stm32f4xx_hal_gpio.o(i.HAL_GPIO_WritePin)
    i.HAL_GetTick                            0x08000dc8   Section        0  stm32f4xx_hal.o(i.HAL_GetTick)
    i.HAL_IncTick                            0x08000dd4   Section        0  stm32f4xx_hal.o(i.HAL_IncTick)
    i.HAL_Init                               0x08000de4   Section        0  stm32f4xx_hal.o(i.HAL_Init)
    i.HAL_InitTick                           0x08000e18   Section        0  stm32f4xx_hal.o(i.HAL_InitTick)
    i.HAL_MspInit                            0x08000e58   Section        0  stm32f4xx_hal_msp.o(i.HAL_MspInit)
    i.HAL_NAND_Init                          0x08000e88   Section        0  stm32f4xx_hal_nand.o(i.HAL_NAND_Init)
    i.HAL_NAND_MspInit                       0x08000eec   Section        0  nand.o(i.HAL_NAND_MspInit)
    i.HAL_NVIC_SetPriority                   0x08000f88   Section        0  stm32f4xx_hal_cortex.o(i.HAL_NVIC_SetPriority)
    i.HAL_NVIC_SetPriorityGrouping           0x08000fc8   Section        0  stm32f4xx_hal_cortex.o(i.HAL_NVIC_SetPriorityGrouping)
    i.HAL_PWREx_EnableOverDrive              0x08000fec   Section        0  stm32f4xx_hal_pwr_ex.o(i.HAL_PWREx_EnableOverDrive)
    i.HAL_PWR_EnableBkUpAccess               0x0800105c   Section        0  stm32f4xx_hal_pwr.o(i.HAL_PWR_EnableBkUpAccess)
    i.HAL_PWR_EnableWakeUpPin                0x08001068   Section        0  stm32f4xx_hal_pwr.o(i.HAL_PWR_EnableWakeUpPin)
    i.HAL_PWR_EnterSTANDBYMode               0x08001078   Section        0  stm32f4xx_hal_pwr.o(i.HAL_PWR_EnterSTANDBYMode)
    i.HAL_RCC_ClockConfig                    0x08001098   Section        0  stm32f4xx_hal_rcc.o(i.HAL_RCC_ClockConfig)
    i.HAL_RCC_GetSysClockFreq                0x080011c8   Section        0  stm32f4xx_hal_rcc.o(i.HAL_RCC_GetSysClockFreq)
    i.HAL_RCC_OscConfig                      0x0800122c   Section        0  stm32f4xx_hal_rcc.o(i.HAL_RCC_OscConfig)
    i.HAL_SYSTICK_CLKSourceConfig            0x08001548   Section        0  stm32f4xx_hal_cortex.o(i.HAL_SYSTICK_CLKSourceConfig)
    i.HAL_SYSTICK_Config                     0x08001560   Section        0  stm32f4xx_hal_cortex.o(i.HAL_SYSTICK_Config)
    i.HardFault_Handler                      0x08001588   Section        0  stm32f4xx_it.o(i.HardFault_Handler)
    i.LCD_GPIO_Init                          0x0800158c   Section        0  lcd144_dri_1.o(i.LCD_GPIO_Init)
    i.Lcd_Init                               0x08001614   Section        0  lcd144_dri_1.o(i.Lcd_Init)
    i.Lcd_Reset                              0x08001824   Section        0  lcd144_dri_1.o(i.Lcd_Reset)
    i.Lcd_SetXY                              0x08001850   Section        0  lcd144_dri_1.o(i.Lcd_SetXY)
    i.Lcd_WriteData                          0x0800187c   Section        0  lcd144_dri_1.o(i.Lcd_WriteData)
    i.Lcd_WriteData_16Bit                    0x0800189c   Section        0  lcd144_dri_1.o(i.Lcd_WriteData_16Bit)
    i.Lcd_WriteIndex                         0x080018b0   Section        0  lcd144_dri_1.o(i.Lcd_WriteIndex)
    i.MemManage_Handler                      0x080018d0   Section        0  stm32f4xx_it.o(i.MemManage_Handler)
    i.NAND_CopyPageWithWrite                 0x080018d4   Section        0  nand.o(i.NAND_CopyPageWithWrite)
    i.NAND_CopyPageWithoutWrite              0x08001a98   Section        0  nand.o(i.NAND_CopyPageWithoutWrite)
    i.NAND_Delay                             0x08001b1c   Section        0  nand.o(i.NAND_Delay)
    i.NAND_ECC_Correction                    0x08001b2c   Section        0  nand.o(i.NAND_ECC_Correction)
    i.NAND_ECC_Get_OE                        0x08001bc4   Section        0  nand.o(i.NAND_ECC_Get_OE)
    i.NAND_EraseBlock                        0x08001bf4   Section        0  nand.o(i.NAND_EraseBlock)
    i.NAND_Init                              0x08001c4c   Section        0  nand.o(i.NAND_Init)
    i.NAND_ModeSet                           0x08001cf8   Section        0  nand.o(i.NAND_ModeSet)
    i.NAND_ReadID                            0x08001d2c   Section        0  nand.o(i.NAND_ReadID)
    i.NAND_ReadPage                          0x08001d78   Section        0  nand.o(i.NAND_ReadPage)
    i.NAND_ReadPageComp                      0x08001fb8   Section        0  nand.o(i.NAND_ReadPageComp)
    i.NAND_ReadSpare                         0x08002020   Section        0  nand.o(i.NAND_ReadSpare)
    i.NAND_ReadStatus                        0x08002040   Section        0  nand.o(i.NAND_ReadStatus)
    i.NAND_Reset                             0x08002068   Section        0  nand.o(i.NAND_Reset)
    i.NAND_WaitForReady                      0x08002084   Section        0  nand.o(i.NAND_WaitForReady)
    i.NAND_WaitRB                            0x080020ac   Section        0  nand.o(i.NAND_WaitRB)
    i.NAND_WritePage                         0x080020e0   Section        0  nand.o(i.NAND_WritePage)
    i.NAND_WritePageConst                    0x08002240   Section        0  nand.o(i.NAND_WritePageConst)
    i.NAND_WriteSpare                        0x0800229c   Section        0  nand.o(i.NAND_WriteSpare)
    i.NMI_Handler                            0x080022bc   Section        0  stm32f4xx_it.o(i.NMI_Handler)
    i.NVIC_SetPriority                       0x080022be   Section        0  stm32f4xx_hal_cortex.o(i.NVIC_SetPriority)
    NVIC_SetPriority                         0x080022bf   Thumb Code    32  stm32f4xx_hal_cortex.o(i.NVIC_SetPriority)
    i.OLED_OFF                               0x080022de   Section        0  oled.o(i.OLED_OFF)
    i.OLED_WR_Byte                           0x080022fc   Section        0  oled.o(i.OLED_WR_Byte)
    i.PendSV_Handler                         0x0800236c   Section        0  stm32f4xx_it.o(i.PendSV_Handler)
    i.SPIv_WriteData                         0x08002370   Section        0  lcd144_dri_1.o(i.SPIv_WriteData)
    i.SVC_Handler                            0x080023a4   Section        0  stm32f4xx_it.o(i.SVC_Handler)
    i.SysTick_Handler                        0x080023a6   Section        0  stm32f4xx_it.o(i.SysTick_Handler)
    i.Sys_Enter_Standby                      0x080023ac   Section        0  wkup.o(i.Sys_Enter_Standby)
    i.SystemClock_Config                     0x08002400   Section        0  main.o(i.SystemClock_Config)
    i.SystemInit                             0x08002488   Section        0  system_stm32f4xx.o(i.SystemInit)
    i.UsageFault_Handler                     0x080024dc   Section        0  stm32f4xx_it.o(i.UsageFault_Handler)
    i.__0printf$5                            0x080024e0   Section        0  printf5.o(i.__0printf$5)
    i.__scatterload_copy                     0x08002500   Section       14  handlers.o(i.__scatterload_copy)
    i.__scatterload_null                     0x0800250e   Section        2  handlers.o(i.__scatterload_null)
    i.__scatterload_zeroinit                 0x08002510   Section       14  handlers.o(i.__scatterload_zeroinit)
    i._printf_core                           0x08002520   Section        0  printf5.o(i._printf_core)
    _printf_core                             0x08002521   Thumb Code   658  printf5.o(i._printf_core)
    i.back_init                              0x080027e0   Section        0  pwm_back.o(i.back_init)
    i.delay_init                             0x0800282c   Section        0  delay.o(i.delay_init)
    i.delay_ms                               0x08002840   Section        0  delay.o(i.delay_ms)
    i.delay_us                               0x0800285c   Section        0  delay.o(i.delay_us)
    i.fputc                                  0x08002890   Section        0  main.o(i.fputc)
    i.lcd_display_off                        0x08002892   Section        0  lcd144_dri_1.o(i.lcd_display_off)
    i.lcd_display_on                         0x080028a4   Section        0  lcd144_dri_1.o(i.lcd_display_on)
    i.main                                   0x080028b8   Section        0  main.o(i.main)
    i.my_mem_free                            0x0800298c   Section        0  malloc.o(i.my_mem_free)
    i.my_mem_init                            0x080029e4   Section        0  malloc.o(i.my_mem_init)
    i.my_mem_malloc                          0x08002a10   Section        0  malloc.o(i.my_mem_malloc)
    i.my_mem_perused                         0x08002a98   Section        0  malloc.o(i.my_mem_perused)
    i.myfree                                 0x08002ad4   Section        0  malloc.o(i.myfree)
    i.mymalloc                               0x08002aec   Section        0  malloc.o(i.mymalloc)
    i.mymemset                               0x08002b0c   Section        0  malloc.o(i.mymemset)
    i.pwm_back_led_off                       0x08002b1c   Section        0  pwm_back.o(i.pwm_back_led_off)
    i.pwm_back_led_on                        0x08002b2c   Section        0  pwm_back.o(i.pwm_back_led_on)
    .constdata                               0x08002b3c   Section    32768  main.o(.constdata)
    .constdata                               0x0800ab3c   Section    32768  main.o(.constdata)
    .constdata                               0x08012b3c   Section    32768  main.o(.constdata)
    .constdata                               0x0801ab3c   Section    32768  main.o(.constdata)
    .constdata                               0x08022b3c   Section    32768  main.o(.constdata)
    .constdata                               0x0802ab3c   Section    32768  main.o(.constdata)
    .constdata                               0x08032b3c   Section    32768  main.o(.constdata)
    .constdata                               0x0803ab3c   Section    32768  main.o(.constdata)
    .constdata                               0x08042b3c   Section    32768  main.o(.constdata)
    .constdata                               0x0804ab3c   Section    32768  main.o(.constdata)
    .constdata                               0x08052b3c   Section    32768  main.o(.constdata)
    .constdata                               0x0805ab3c   Section    32768  main.o(.constdata)
    .constdata                               0x08062b3c   Section    32768  main.o(.constdata)
    .constdata                               0x0806ab3c   Section    32768  main.o(.constdata)
    .constdata                               0x08072b3c   Section    32768  main.o(.constdata)
    .constdata                               0x0807ab3c   Section    32768  main.o(.constdata)
    .constdata                               0x08082b3c   Section    32768  main.o(.constdata)
    .constdata                               0x0808ab3c   Section    32768  main.o(.constdata)
    .constdata                               0x08092b3c   Section    32768  main.o(.constdata)
    .constdata                               0x0809ab3c   Section    32768  main.o(.constdata)
    .constdata                               0x080a2b3c   Section    32768  main.o(.constdata)
    .constdata                               0x080aab3c   Section    32768  main.o(.constdata)
    .constdata                               0x080b2b3c   Section    32768  main.o(.constdata)
    .constdata                               0x080bab3c   Section    32768  main.o(.constdata)
    .constdata                               0x080c2b3c   Section    32768  main.o(.constdata)
    .constdata                               0x080cab3c   Section    32768  main.o(.constdata)
    .constdata                               0x080d2b3c   Section       16  system_stm32f4xx.o(.constdata)
    .constdata                               0x080d2b4c   Section       36  malloc.o(.constdata)
    .ARM.__AT_0x10000000                     0x10000000   Section    61440  malloc.o(.ARM.__AT_0x10000000)
    .ARM.__AT_0x1000F000                     0x1000f000   Section     3840  malloc.o(.ARM.__AT_0x1000F000)
    .data                                    0x20000000   Section     1204  main.o(.data)
    i                                        0x20000000   Data           4  main.o(.data)
    .data                                    0x200004b4   Section       12  stm32f4xx_hal.o(.data)
    .data                                    0x200004c0   Section        4  system_stm32f4xx.o(.data)
    .data                                    0x200004c4   Section        4  delay.o(.data)
    fac_us                                   0x200004c4   Data           4  delay.o(.data)
    .data                                    0x200004c8   Section       36  malloc.o(.data)
    .data                                    0x200004ec   Section        4  ftl.o(.data)
    curblock                                 0x200004ec   Data           4  ftl.o(.data)
    .data                                    0x200004f0   Section        4  stdout.o(.data)
    .bss                                     0x200004f4   Section      512  main.o(.bss)
    .bss                                     0x20000700   Section    163840  malloc.o(.bss)
    .bss                                     0x20028700   Section    10240  malloc.o(.bss)
    .bss                                     0x2002af00   Section      156  nand.o(.bss)
    STACK                                    0x2002afa0   Section     2048  startup_stm32f429xx.o(STACK)
    .ARM.__AT_0xC01F4000                     0xc01f4000   Section       64  malloc.o(.ARM.__AT_0xC01F4000)
    .ARM.__AT_0xC01F4040                     0xc01f4040   Section        4  malloc.o(.ARM.__AT_0xC01F4040)

    Global Symbols

    Symbol Name                              Value     Ov Type        Size  Object(Section)

    BuildAttributes$$THM_ISAv4$E$P$D$K$B$S$7EM$VFPi3$EXTD16$VFPS$VFMA$PE$A:L22UL41UL21$X:L11$S22US41US21$IEEE1$IW$USESV6$~STKCKD$USESV7$~SHL$OSPACE$ROPI$EBA8$MICROLIB$REQ8$PRES8$EABIv2 0x00000000   Number         0  anon$$obj.o ABSOLUTE
    __ARM_use_no_argv                        0x00000000   Number         0  main.o ABSOLUTE
    _printf_a                                0x00000000   Number         0  stubs.o ABSOLUTE
    _printf_c                                0x00000000   Number         0  stubs.o ABSOLUTE
    _printf_charcount                        0x00000000   Number         0  stubs.o ABSOLUTE
    _printf_d                                0x00000000   Number         0  stubs.o ABSOLUTE
    _printf_e                                0x00000000   Number         0  stubs.o ABSOLUTE
    _printf_f                                0x00000000   Number         0  stubs.o ABSOLUTE
    _printf_flags                            0x00000000   Number         0  stubs.o ABSOLUTE
    _printf_fp_dec                           0x00000000   Number         0  stubs.o ABSOLUTE
    _printf_fp_hex                           0x00000000   Number         0  stubs.o ABSOLUTE
    _printf_g                                0x00000000   Number         0  stubs.o ABSOLUTE
    _printf_i                                0x00000000   Number         0  stubs.o ABSOLUTE
    _printf_int_dec                          0x00000000   Number         0  stubs.o ABSOLUTE
    _printf_l                                0x00000000   Number         0  stubs.o ABSOLUTE
    _printf_lc                               0x00000000   Number         0  stubs.o ABSOLUTE
    _printf_ll                               0x00000000   Number         0  stubs.o ABSOLUTE
    _printf_lld                              0x00000000   Number         0  stubs.o ABSOLUTE
    _printf_lli                              0x00000000   Number         0  stubs.o ABSOLUTE
    _printf_llo                              0x00000000   Number         0  stubs.o ABSOLUTE
    _printf_llu                              0x00000000   Number         0  stubs.o ABSOLUTE
    _printf_llx                              0x00000000   Number         0  stubs.o ABSOLUTE
    _printf_longlong_dec                     0x00000000   Number         0  stubs.o ABSOLUTE
    _printf_longlong_hex                     0x00000000   Number         0  stubs.o ABSOLUTE
    _printf_longlong_oct                     0x00000000   Number         0  stubs.o ABSOLUTE
    _printf_ls                               0x00000000   Number         0  stubs.o ABSOLUTE
    _printf_mbtowc                           0x00000000   Number         0  stubs.o ABSOLUTE
    _printf_n                                0x00000000   Number         0  stubs.o ABSOLUTE
    _printf_o                                0x00000000   Number         0  stubs.o ABSOLUTE
    _printf_p                                0x00000000   Number         0  stubs.o ABSOLUTE
    _printf_percent                          0x00000000   Number         0  stubs.o ABSOLUTE
    _printf_pre_padding                      0x00000000   Number         0  stubs.o ABSOLUTE
    _printf_return_value                     0x00000000   Number         0  stubs.o ABSOLUTE
    _printf_s                                0x00000000   Number         0  stubs.o ABSOLUTE
    _printf_sizespec                         0x00000000   Number         0  stubs.o ABSOLUTE
    _printf_str                              0x00000000   Number         0  stubs.o ABSOLUTE
    _printf_truncate_signed                  0x00000000   Number         0  stubs.o ABSOLUTE
    _printf_truncate_unsigned                0x00000000   Number         0  stubs.o ABSOLUTE
    _printf_u                                0x00000000   Number         0  stubs.o ABSOLUTE
    _printf_wc                               0x00000000   Number         0  stubs.o ABSOLUTE
    _printf_wctomb                           0x00000000   Number         0  stubs.o ABSOLUTE
    _printf_widthprec                        0x00000000   Number         0  stubs.o ABSOLUTE
    _printf_x                                0x00000000   Number         0  stubs.o ABSOLUTE
    __cpp_initialize__aeabi_                  - Undefined Weak Reference
    __cxa_finalize                            - Undefined Weak Reference
    _clock_init                               - Undefined Weak Reference
    _microlib_exit                            - Undefined Weak Reference
    __Vectors_Size                           0x000001ac   Number         0  startup_stm32f429xx.o ABSOLUTE
    __Vectors                                0x08000000   Data           4  startup_stm32f429xx.o(RESET)
    __Vectors_End                            0x080001ac   Data           0  startup_stm32f429xx.o(RESET)
    __main                                   0x080001ad   Thumb Code     0  entry.o(.ARM.Collect$$$$00000000)
    _main_stk                                0x080001ad   Thumb Code     0  entry2.o(.ARM.Collect$$$$00000001)
    _main_scatterload                        0x080001b1   Thumb Code     0  entry5.o(.ARM.Collect$$$$00000004)
    __main_after_scatterload                 0x080001b5   Thumb Code     0  entry5.o(.ARM.Collect$$$$00000004)
    _main_clock                              0x080001b5   Thumb Code     0  entry7b.o(.ARM.Collect$$$$00000008)
    _main_cpp_init                           0x080001b5   Thumb Code     0  entry8b.o(.ARM.Collect$$$$0000000A)
    _main_init                               0x080001b5   Thumb Code     0  entry9a.o(.ARM.Collect$$$$0000000B)
    __rt_final_cpp                           0x080001bd   Thumb Code     0  entry10a.o(.ARM.Collect$$$$0000000D)
    __rt_final_exit                          0x080001bd   Thumb Code     0  entry11a.o(.ARM.Collect$$$$0000000F)
    Reset_Handler                            0x080001c1   Thumb Code     8  startup_stm32f429xx.o(.text)
    ADC_IRQHandler                           0x080001db   Thumb Code     0  startup_stm32f429xx.o(.text)
    CAN1_RX0_IRQHandler                      0x080001db   Thumb Code     0  startup_stm32f429xx.o(.text)
    CAN1_RX1_IRQHandler                      0x080001db   Thumb Code     0  startup_stm32f429xx.o(.text)
    CAN1_SCE_IRQHandler                      0x080001db   Thumb Code     0  startup_stm32f429xx.o(.text)
    CAN1_TX_IRQHandler                       0x080001db   Thumb Code     0  startup_stm32f429xx.o(.text)
    CAN2_RX0_IRQHandler                      0x080001db   Thumb Code     0  startup_stm32f429xx.o(.text)
    CAN2_RX1_IRQHandler                      0x080001db   Thumb Code     0  startup_stm32f429xx.o(.text)
    CAN2_SCE_IRQHandler                      0x080001db   Thumb Code     0  startup_stm32f429xx.o(.text)
    CAN2_TX_IRQHandler                       0x080001db   Thumb Code     0  startup_stm32f429xx.o(.text)
    DCMI_IRQHandler                          0x080001db   Thumb Code     0  startup_stm32f429xx.o(.text)
    DMA1_Stream0_IRQHandler                  0x080001db   Thumb Code     0  startup_stm32f429xx.o(.text)
    DMA1_Stream1_IRQHandler                  0x080001db   Thumb Code     0  startup_stm32f429xx.o(.text)
    DMA1_Stream2_IRQHandler                  0x080001db   Thumb Code     0  startup_stm32f429xx.o(.text)
    DMA1_Stream3_IRQHandler                  0x080001db   Thumb Code     0  startup_stm32f429xx.o(.text)
    DMA1_Stream4_IRQHandler                  0x080001db   Thumb Code     0  startup_stm32f429xx.o(.text)
    DMA1_Stream5_IRQHandler                  0x080001db   Thumb Code     0  startup_stm32f429xx.o(.text)
    DMA1_Stream6_IRQHandler                  0x080001db   Thumb Code     0  startup_stm32f429xx.o(.text)
    DMA1_Stream7_IRQHandler                  0x080001db   Thumb Code     0  startup_stm32f429xx.o(.text)
    DMA2D_IRQHandler                         0x080001db   Thumb Code     0  startup_stm32f429xx.o(.text)
    DMA2_Stream0_IRQHandler                  0x080001db   Thumb Code     0  startup_stm32f429xx.o(.text)
    DMA2_Stream1_IRQHandler                  0x080001db   Thumb Code     0  startup_stm32f429xx.o(.text)
    DMA2_Stream2_IRQHandler                  0x080001db   Thumb Code     0  startup_stm32f429xx.o(.text)
    DMA2_Stream3_IRQHandler                  0x080001db   Thumb Code     0  startup_stm32f429xx.o(.text)
    DMA2_Stream4_IRQHandler                  0x080001db   Thumb Code     0  startup_stm32f429xx.o(.text)
    DMA2_Stream5_IRQHandler                  0x080001db   Thumb Code     0  startup_stm32f429xx.o(.text)
    DMA2_Stream6_IRQHandler                  0x080001db   Thumb Code     0  startup_stm32f429xx.o(.text)
    DMA2_Stream7_IRQHandler                  0x080001db   Thumb Code     0  startup_stm32f429xx.o(.text)
    ETH_IRQHandler                           0x080001db   Thumb Code     0  startup_stm32f429xx.o(.text)
    ETH_WKUP_IRQHandler                      0x080001db   Thumb Code     0  startup_stm32f429xx.o(.text)
    EXTI15_10_IRQHandler                     0x080001db   Thumb Code     0  startup_stm32f429xx.o(.text)
    EXTI1_IRQHandler                         0x080001db   Thumb Code     0  startup_stm32f429xx.o(.text)
    EXTI2_IRQHandler                         0x080001db   Thumb Code     0  startup_stm32f429xx.o(.text)
    EXTI3_IRQHandler                         0x080001db   Thumb Code     0  startup_stm32f429xx.o(.text)
    EXTI4_IRQHandler                         0x080001db   Thumb Code     0  startup_stm32f429xx.o(.text)
    EXTI9_5_IRQHandler                       0x080001db   Thumb Code     0  startup_stm32f429xx.o(.text)
    FLASH_IRQHandler                         0x080001db   Thumb Code     0  startup_stm32f429xx.o(.text)
    FMC_IRQHandler                           0x080001db   Thumb Code     0  startup_stm32f429xx.o(.text)
    FPU_IRQHandler                           0x080001db   Thumb Code     0  startup_stm32f429xx.o(.text)
    HASH_RNG_IRQHandler                      0x080001db   Thumb Code     0  startup_stm32f429xx.o(.text)
    I2C1_ER_IRQHandler                       0x080001db   Thumb Code     0  startup_stm32f429xx.o(.text)
    I2C1_EV_IRQHandler                       0x080001db   Thumb Code     0  startup_stm32f429xx.o(.text)
    I2C2_ER_IRQHandler                       0x080001db   Thumb Code     0  startup_stm32f429xx.o(.text)
    I2C2_EV_IRQHandler                       0x080001db   Thumb Code     0  startup_stm32f429xx.o(.text)
    I2C3_ER_IRQHandler                       0x080001db   Thumb Code     0  startup_stm32f429xx.o(.text)
    I2C3_EV_IRQHandler                       0x080001db   Thumb Code     0  startup_stm32f429xx.o(.text)
    LTDC_ER_IRQHandler                       0x080001db   Thumb Code     0  startup_stm32f429xx.o(.text)
    LTDC_IRQHandler                          0x080001db   Thumb Code     0  startup_stm32f429xx.o(.text)
    OTG_FS_IRQHandler                        0x080001db   Thumb Code     0  startup_stm32f429xx.o(.text)
    OTG_FS_WKUP_IRQHandler                   0x080001db   Thumb Code     0  startup_stm32f429xx.o(.text)
    OTG_HS_EP1_IN_IRQHandler                 0x080001db   Thumb Code     0  startup_stm32f429xx.o(.text)
    OTG_HS_EP1_OUT_IRQHandler                0x080001db   Thumb Code     0  startup_stm32f429xx.o(.text)
    OTG_HS_IRQHandler                        0x080001db   Thumb Code     0  startup_stm32f429xx.o(.text)
    OTG_HS_WKUP_IRQHandler                   0x080001db   Thumb Code     0  startup_stm32f429xx.o(.text)
    PVD_IRQHandler                           0x080001db   Thumb Code     0  startup_stm32f429xx.o(.text)
    RCC_IRQHandler                           0x080001db   Thumb Code     0  startup_stm32f429xx.o(.text)
    RTC_Alarm_IRQHandler                     0x080001db   Thumb Code     0  startup_stm32f429xx.o(.text)
    RTC_WKUP_IRQHandler                      0x080001db   Thumb Code     0  startup_stm32f429xx.o(.text)
    SAI1_IRQHandler                          0x080001db   Thumb Code     0  startup_stm32f429xx.o(.text)
    SDIO_IRQHandler                          0x080001db   Thumb Code     0  startup_stm32f429xx.o(.text)
    SPI1_IRQHandler                          0x080001db   Thumb Code     0  startup_stm32f429xx.o(.text)
    SPI2_IRQHandler                          0x080001db   Thumb Code     0  startup_stm32f429xx.o(.text)
    SPI3_IRQHandler                          0x080001db   Thumb Code     0  startup_stm32f429xx.o(.text)
    SPI4_IRQHandler                          0x080001db   Thumb Code     0  startup_stm32f429xx.o(.text)
    SPI5_IRQHandler                          0x080001db   Thumb Code     0  startup_stm32f429xx.o(.text)
    SPI6_IRQHandler                          0x080001db   Thumb Code     0  startup_stm32f429xx.o(.text)
    TAMP_STAMP_IRQHandler                    0x080001db   Thumb Code     0  startup_stm32f429xx.o(.text)
    TIM1_BRK_TIM9_IRQHandler                 0x080001db   Thumb Code     0  startup_stm32f429xx.o(.text)
    TIM1_CC_IRQHandler                       0x080001db   Thumb Code     0  startup_stm32f429xx.o(.text)
    TIM1_TRG_COM_TIM11_IRQHandler            0x080001db   Thumb Code     0  startup_stm32f429xx.o(.text)
    TIM1_UP_TIM10_IRQHandler                 0x080001db   Thumb Code     0  startup_stm32f429xx.o(.text)
    TIM2_IRQHandler                          0x080001db   Thumb Code     0  startup_stm32f429xx.o(.text)
    TIM3_IRQHandler                          0x080001db   Thumb Code     0  startup_stm32f429xx.o(.text)
    TIM4_IRQHandler                          0x080001db   Thumb Code     0  startup_stm32f429xx.o(.text)
    TIM5_IRQHandler                          0x080001db   Thumb Code     0  startup_stm32f429xx.o(.text)
    TIM6_DAC_IRQHandler                      0x080001db   Thumb Code     0  startup_stm32f429xx.o(.text)
    TIM7_IRQHandler                          0x080001db   Thumb Code     0  startup_stm32f429xx.o(.text)
    TIM8_BRK_TIM12_IRQHandler                0x080001db   Thumb Code     0  startup_stm32f429xx.o(.text)
    TIM8_CC_IRQHandler                       0x080001db   Thumb Code     0  startup_stm32f429xx.o(.text)
    TIM8_TRG_COM_TIM14_IRQHandler            0x080001db   Thumb Code     0  startup_stm32f429xx.o(.text)
    TIM8_UP_TIM13_IRQHandler                 0x080001db   Thumb Code     0  startup_stm32f429xx.o(.text)
    UART4_IRQHandler                         0x080001db   Thumb Code     0  startup_stm32f429xx.o(.text)
    UART5_IRQHandler                         0x080001db   Thumb Code     0  startup_stm32f429xx.o(.text)
    UART7_IRQHandler                         0x080001db   Thumb Code     0  startup_stm32f429xx.o(.text)
    UART8_IRQHandler                         0x080001db   Thumb Code     0  startup_stm32f429xx.o(.text)
    USART1_IRQHandler                        0x080001db   Thumb Code     0  startup_stm32f429xx.o(.text)
    USART2_IRQHandler                        0x080001db   Thumb Code     0  startup_stm32f429xx.o(.text)
    USART3_IRQHandler                        0x080001db   Thumb Code     0  startup_stm32f429xx.o(.text)
    USART6_IRQHandler                        0x080001db   Thumb Code     0  startup_stm32f429xx.o(.text)
    WWDG_IRQHandler                          0x080001db   Thumb Code     0  startup_stm32f429xx.o(.text)
    __aeabi_uldivmod                         0x080001e5   Thumb Code    98  uldiv.o(.text)
    __aeabi_memset                           0x08000247   Thumb Code    14  memseta.o(.text)
    __aeabi_memset4                          0x08000247   Thumb Code     0  memseta.o(.text)
    __aeabi_memset8                          0x08000247   Thumb Code     0  memseta.o(.text)
    __aeabi_memclr                           0x08000255   Thumb Code     4  memseta.o(.text)
    __aeabi_memclr4                          0x08000255   Thumb Code     0  memseta.o(.text)
    __aeabi_memclr8                          0x08000255   Thumb Code     0  memseta.o(.text)
    _memset$wrapper                          0x08000259   Thumb Code    18  memseta.o(.text)
    __aeabi_llsl                             0x0800026b   Thumb Code    30  llshl.o(.text)
    _ll_shift_l                              0x0800026b   Thumb Code     0  llshl.o(.text)
    __aeabi_llsr                             0x08000289   Thumb Code    32  llushr.o(.text)
    _ll_ushift_r                             0x08000289   Thumb Code     0  llushr.o(.text)
    __scatterload                            0x080002a9   Thumb Code    28  init.o(.text)
    __scatterload_rt2                        0x080002a9   Thumb Code     0  init.o(.text)
    __decompress                             0x080002cd   Thumb Code     0  __dczerorl2.o(.text)
    __decompress1                            0x080002cd   Thumb Code    86  __dczerorl2.o(.text)
    BusFault_Handler                         0x08000323   Thumb Code     2  stm32f4xx_it.o(i.BusFault_Handler)
    Check_WKUP                               0x08000325   Thumb Code    52  wkup.o(i.Check_WKUP)
    DebugMon_Handler                         0x0800035d   Thumb Code     2  stm32f4xx_it.o(i.DebugMon_Handler)
    EXTI0_IRQHandler                         0x0800035f   Thumb Code     6  wkup.o(i.EXTI0_IRQHandler)
    FMC_NAND_AttributeSpace_Timing_Init      0x08000365   Thumb Code    50  stm32f4xx_ll_fmc.o(i.FMC_NAND_AttributeSpace_Timing_Init)
    FMC_NAND_CommonSpace_Timing_Init         0x08000399   Thumb Code    50  stm32f4xx_ll_fmc.o(i.FMC_NAND_CommonSpace_Timing_Init)
    FMC_NAND_Init                            0x080003cd   Thumb Code    74  stm32f4xx_ll_fmc.o(i.FMC_NAND_Init)
    FTL_BadBlockMark                         0x0800041d   Thumb Code    44  ftl.o(i.FTL_BadBlockMark)
    FTL_BlockCompare                         0x0800044d   Thumb Code   154  ftl.o(i.FTL_BlockCompare)
    FTL_CheckBadBlock                        0x0800051d   Thumb Code    70  ftl.o(i.FTL_CheckBadBlock)
    FTL_CopyAndWriteToBlock                  0x08000569   Thumb Code   218  ftl.o(i.FTL_CopyAndWriteToBlock)
    FTL_CreateLUT                            0x08000649   Thumb Code   172  ftl.o(i.FTL_CreateLUT)
    FTL_FindSamePlaneUnusedBlock             0x08000711   Thumb Code    66  ftl.o(i.FTL_FindSamePlaneUnusedBlock)
    FTL_FindUnusedBlock                      0x0800075d   Thumb Code    64  ftl.o(i.FTL_FindUnusedBlock)
    FTL_Format                               0x080007a1   Thumb Code   150  ftl.o(i.FTL_Format)
    FTL_Init                                 0x08000861   Thumb Code   106  ftl.o(i.FTL_Init)
    FTL_LBNToPBN                             0x08000941   Thumb Code    22  ftl.o(i.FTL_LBNToPBN)
    FTL_ReadSectors                          0x0800095d   Thumb Code   276  ftl.o(i.FTL_ReadSectors)
    FTL_UsedBlockMark                        0x08000a75   Thumb Code    26  ftl.o(i.FTL_UsedBlockMark)
    FTL_WriteSectors                         0x08000a95   Thumb Code   276  ftl.o(i.FTL_WriteSectors)
    HAL_GPIO_EXTI_Callback                   0x08000bad   Thumb Code    36  wkup.o(i.HAL_GPIO_EXTI_Callback)
    HAL_GPIO_EXTI_IRQHandler                 0x08000bd1   Thumb Code    18  stm32f4xx_hal_gpio.o(i.HAL_GPIO_EXTI_IRQHandler)
    HAL_GPIO_Init                            0x08000be9   Thumb Code   408  stm32f4xx_hal_gpio.o(i.HAL_GPIO_Init)
    HAL_GPIO_ReadPin                         0x08000db5   Thumb Code    10  stm32f4xx_hal_gpio.o(i.HAL_GPIO_ReadPin)
    HAL_GPIO_WritePin                        0x08000dbf   Thumb Code    10  stm32f4xx_hal_gpio.o(i.HAL_GPIO_WritePin)
    HAL_GetTick                              0x08000dc9   Thumb Code     6  stm32f4xx_hal.o(i.HAL_GetTick)
    HAL_IncTick                              0x08000dd5   Thumb Code    12  stm32f4xx_hal.o(i.HAL_IncTick)
    HAL_Init                                 0x08000de5   Thumb Code    48  stm32f4xx_hal.o(i.HAL_Init)
    HAL_InitTick                             0x08000e19   Thumb Code    54  stm32f4xx_hal.o(i.HAL_InitTick)
    HAL_MspInit                              0x08000e59   Thumb Code    42  stm32f4xx_hal_msp.o(i.HAL_MspInit)
    HAL_NAND_Init                            0x08000e89   Thumb Code    98  stm32f4xx_hal_nand.o(i.HAL_NAND_Init)
    HAL_NAND_MspInit                         0x08000eed   Thumb Code   142  nand.o(i.HAL_NAND_MspInit)
    HAL_NVIC_SetPriority                     0x08000f89   Thumb Code    60  stm32f4xx_hal_cortex.o(i.HAL_NVIC_SetPriority)
    HAL_NVIC_SetPriorityGrouping             0x08000fc9   Thumb Code    26  stm32f4xx_hal_cortex.o(i.HAL_NVIC_SetPriorityGrouping)
    HAL_PWREx_EnableOverDrive                0x08000fed   Thumb Code    98  stm32f4xx_hal_pwr_ex.o(i.HAL_PWREx_EnableOverDrive)
    HAL_PWR_EnableBkUpAccess                 0x0800105d   Thumb Code     8  stm32f4xx_hal_pwr.o(i.HAL_PWR_EnableBkUpAccess)
    HAL_PWR_EnableWakeUpPin                  0x08001069   Thumb Code    10  stm32f4xx_hal_pwr.o(i.HAL_PWR_EnableWakeUpPin)
    HAL_PWR_EnterSTANDBYMode                 0x08001079   Thumb Code    24  stm32f4xx_hal_pwr.o(i.HAL_PWR_EnterSTANDBYMode)
    HAL_RCC_ClockConfig                      0x08001099   Thumb Code   286  stm32f4xx_hal_rcc.o(i.HAL_RCC_ClockConfig)
    HAL_RCC_GetSysClockFreq                  0x080011c9   Thumb Code    88  stm32f4xx_hal_rcc.o(i.HAL_RCC_GetSysClockFreq)
    HAL_RCC_OscConfig                        0x0800122d   Thumb Code   770  stm32f4xx_hal_rcc.o(i.HAL_RCC_OscConfig)
    HAL_SYSTICK_CLKSourceConfig              0x08001549   Thumb Code    24  stm32f4xx_hal_cortex.o(i.HAL_SYSTICK_CLKSourceConfig)
    HAL_SYSTICK_Config                       0x08001561   Thumb Code    40  stm32f4xx_hal_cortex.o(i.HAL_SYSTICK_Config)
    HardFault_Handler                        0x08001589   Thumb Code     2  stm32f4xx_it.o(i.HardFault_Handler)
    LCD_GPIO_Init                            0x0800158d   Thumb Code   124  lcd144_dri_1.o(i.LCD_GPIO_Init)
    Lcd_Init                                 0x08001615   Thumb Code   528  lcd144_dri_1.o(i.Lcd_Init)
    Lcd_Reset                                0x08001825   Thumb Code    38  lcd144_dri_1.o(i.Lcd_Reset)
    Lcd_SetXY                                0x08001851   Thumb Code    44  lcd144_dri_1.o(i.Lcd_SetXY)
    Lcd_WriteData                            0x0800187d   Thumb Code    28  lcd144_dri_1.o(i.Lcd_WriteData)
    Lcd_WriteData_16Bit                      0x0800189d   Thumb Code    20  lcd144_dri_1.o(i.Lcd_WriteData_16Bit)
    Lcd_WriteIndex                           0x080018b1   Thumb Code    28  lcd144_dri_1.o(i.Lcd_WriteIndex)
    MemManage_Handler                        0x080018d1   Thumb Code     2  stm32f4xx_it.o(i.MemManage_Handler)
    NAND_CopyPageWithWrite                   0x080018d5   Thumb Code   438  nand.o(i.NAND_CopyPageWithWrite)
    NAND_CopyPageWithoutWrite                0x08001a99   Thumb Code   118  nand.o(i.NAND_CopyPageWithoutWrite)
    NAND_Delay                               0x08001b1d   Thumb Code    16  nand.o(i.NAND_Delay)
    NAND_ECC_Correction                      0x08001b2d   Thumb Code   106  nand.o(i.NAND_ECC_Correction)
    NAND_ECC_Get_OE                          0x08001bc5   Thumb Code    48  nand.o(i.NAND_ECC_Get_OE)
    NAND_EraseBlock                          0x08001bf5   Thumb Code    68  nand.o(i.NAND_EraseBlock)
    NAND_Init                                0x08001c4d   Thumb Code   154  nand.o(i.NAND_Init)
    NAND_ModeSet                             0x08001cf9   Thumb Code    44  nand.o(i.NAND_ModeSet)
    NAND_ReadID                              0x08001d2d   Thumb Code    66  nand.o(i.NAND_ReadID)
    NAND_ReadPage                            0x08001d79   Thumb Code   492  nand.o(i.NAND_ReadPage)
    NAND_ReadPageComp                        0x08001fb9   Thumb Code    94  nand.o(i.NAND_ReadPageComp)
    NAND_ReadSpare                           0x08002021   Thumb Code    28  nand.o(i.NAND_ReadSpare)
    NAND_ReadStatus                          0x08002041   Thumb Code    36  nand.o(i.NAND_ReadStatus)
    NAND_Reset                               0x08002069   Thumb Code    24  nand.o(i.NAND_Reset)
    NAND_WaitForReady                        0x08002085   Thumb Code    38  nand.o(i.NAND_WaitForReady)
    NAND_WaitRB                              0x080020ad   Thumb Code    46  nand.o(i.NAND_WaitRB)
    NAND_WritePage                           0x080020e1   Thumb Code   338  nand.o(i.NAND_WritePage)
    NAND_WritePageConst                      0x08002241   Thumb Code    82  nand.o(i.NAND_WritePageConst)
    NAND_WriteSpare                          0x0800229d   Thumb Code    28  nand.o(i.NAND_WriteSpare)
    NMI_Handler                              0x080022bd   Thumb Code     2  stm32f4xx_it.o(i.NMI_Handler)
    OLED_OFF                                 0x080022df   Thumb Code    30  oled.o(i.OLED_OFF)
    OLED_WR_Byte                             0x080022fd   Thumb Code   102  oled.o(i.OLED_WR_Byte)
    PendSV_Handler                           0x0800236d   Thumb Code     2  stm32f4xx_it.o(i.PendSV_Handler)
    SPIv_WriteData                           0x08002371   Thumb Code    46  lcd144_dri_1.o(i.SPIv_WriteData)
    SVC_Handler                              0x080023a5   Thumb Code     2  stm32f4xx_it.o(i.SVC_Handler)
    SysTick_Handler                          0x080023a7   Thumb Code     4  stm32f4xx_it.o(i.SysTick_Handler)
    Sys_Enter_Standby                        0x080023ad   Thumb Code    72  wkup.o(i.Sys_Enter_Standby)
    SystemClock_Config                       0x08002401   Thumb Code   128  main.o(i.SystemClock_Config)
    SystemInit                               0x08002489   Thumb Code    66  system_stm32f4xx.o(i.SystemInit)
    UsageFault_Handler                       0x080024dd   Thumb Code     2  stm32f4xx_it.o(i.UsageFault_Handler)
    __0printf$5                              0x080024e1   Thumb Code    22  printf5.o(i.__0printf$5)
    __1printf$5                              0x080024e1   Thumb Code     0  printf5.o(i.__0printf$5)
    __2printf                                0x080024e1   Thumb Code     0  printf5.o(i.__0printf$5)
    __scatterload_copy                       0x08002501   Thumb Code    14  handlers.o(i.__scatterload_copy)
    __scatterload_null                       0x0800250f   Thumb Code     2  handlers.o(i.__scatterload_null)
    __scatterload_zeroinit                   0x08002511   Thumb Code    14  handlers.o(i.__scatterload_zeroinit)
    back_init                                0x080027e1   Thumb Code    68  pwm_back.o(i.back_init)
    delay_init                               0x0800282d   Thumb Code    16  delay.o(i.delay_init)
    delay_ms                                 0x08002841   Thumb Code    26  delay.o(i.delay_ms)
    delay_us                                 0x0800285d   Thumb Code    48  delay.o(i.delay_us)
    fputc                                    0x08002891   Thumb Code     2  main.o(i.fputc)
    lcd_display_off                          0x08002893   Thumb Code    18  lcd144_dri_1.o(i.lcd_display_off)
    lcd_display_on                           0x080028a5   Thumb Code    18  lcd144_dri_1.o(i.lcd_display_on)
    main                                     0x080028b9   Thumb Code   198  main.o(i.main)
    my_mem_free                              0x0800298d   Thumb Code    80  malloc.o(i.my_mem_free)
    my_mem_init                              0x080029e5   Thumb Code    36  malloc.o(i.my_mem_init)
    my_mem_malloc                            0x08002a11   Thumb Code   128  malloc.o(i.my_mem_malloc)
    my_mem_perused                           0x08002a99   Thumb Code    50  malloc.o(i.my_mem_perused)
    myfree                                   0x08002ad5   Thumb Code    20  malloc.o(i.myfree)
    mymalloc                                 0x08002aed   Thumb Code    28  malloc.o(i.mymalloc)
    mymemset                                 0x08002b0d   Thumb Code    14  malloc.o(i.mymemset)
    pwm_back_led_off                         0x08002b1d   Thumb Code    10  pwm_back.o(i.pwm_back_led_off)
    pwm_back_led_on                          0x08002b2d   Thumb Code    12  pwm_back.o(i.pwm_back_led_on)
    gImage_1                                 0x08002b3c   Data       32768  main.o(.constdata)
    gImage_2                                 0x0800ab3c   Data       32768  main.o(.constdata)
    gImage_3                                 0x08012b3c   Data       32768  main.o(.constdata)
    gImage_4                                 0x0801ab3c   Data       32768  main.o(.constdata)
    gImage_5                                 0x08022b3c   Data       32768  main.o(.constdata)
    gImage_6                                 0x0802ab3c   Data       32768  main.o(.constdata)
    gImage_7                                 0x08032b3c   Data       32768  main.o(.constdata)
    gImage_8                                 0x0803ab3c   Data       32768  main.o(.constdata)
    gImage_9                                 0x08042b3c   Data       32768  main.o(.constdata)
    gImage_10                                0x0804ab3c   Data       32768  main.o(.constdata)
    gImage_11                                0x08052b3c   Data       32768  main.o(.constdata)
    gImage_12                                0x0805ab3c   Data       32768  main.o(.constdata)
    gImage_13                                0x08062b3c   Data       32768  main.o(.constdata)
    gImage_14                                0x0806ab3c   Data       32768  main.o(.constdata)
    gImage_15                                0x08072b3c   Data       32768  main.o(.constdata)
    gImage_16                                0x0807ab3c   Data       32768  main.o(.constdata)
    gImage_17                                0x08082b3c   Data       32768  main.o(.constdata)
    gImage_18                                0x0808ab3c   Data       32768  main.o(.constdata)
    gImage_19                                0x08092b3c   Data       32768  main.o(.constdata)
    gImage_20                                0x0809ab3c   Data       32768  main.o(.constdata)
    gImage_21                                0x080a2b3c   Data       32768  main.o(.constdata)
    gImage_22                                0x080aab3c   Data       32768  main.o(.constdata)
    gImage_23                                0x080b2b3c   Data       32768  main.o(.constdata)
    gImage_24                                0x080bab3c   Data       32768  main.o(.constdata)
    gImage_25                                0x080c2b3c   Data       32768  main.o(.constdata)
    gImage_background_1                      0x080cab3c   Data       32768  main.o(.constdata)
    AHBPrescTable                            0x080d2b3c   Data          16  system_stm32f4xx.o(.constdata)
    memtblsize                               0x080d2b4c   Data          12  malloc.o(.constdata)
    memblksize                               0x080d2b58   Data          12  malloc.o(.constdata)
    memsize                                  0x080d2b64   Data          12  malloc.o(.constdata)
    Region$$Table$$Base                      0x080d2b70   Number         0  anon$$obj.o(Region$$Table)
    Region$$Table$$Limit                     0x080d2b90   Number         0  anon$$obj.o(Region$$Table)
    mem3base                                 0x10000000   Data       61440  malloc.o(.ARM.__AT_0x10000000)
    mem3mapbase                              0x1000f000   Data        3840  malloc.o(.ARM.__AT_0x1000F000)
    p_picture                                0x20000004   Data        1200  main.o(.data)
    uwTickFreq                               0x200004b4   Data           1  stm32f4xx_hal.o(.data)
    uwTickPrio                               0x200004b8   Data           4  stm32f4xx_hal.o(.data)
    uwTick                                   0x200004bc   Data           4  stm32f4xx_hal.o(.data)
    SystemCoreClock                          0x200004c0   Data           4  system_stm32f4xx.o(.data)
    mallco_dev                               0x200004c8   Data          36  malloc.o(.data)
    __stdout                                 0x200004f0   Data           4  stdout.o(.data)
    lcd_buff                                 0x200004f4   Data         512  main.o(.bss)
    mem1base                                 0x20000700   Data       163840  malloc.o(.bss)
    mem1mapbase                              0x20028700   Data       10240  malloc.o(.bss)
    NAND_Handler                             0x2002af00   Data          64  nand.o(.bss)
    nand_dev                                 0x2002af40   Data          92  nand.o(.bss)
    __initial_sp                             0x2002b7a0   Data           0  startup_stm32f429xx.o(STACK)
    mem2base                                 0xc01f4000   Data          64  malloc.o(.ARM.__AT_0xC01F4000)
    mem2mapbase                              0xc01f4040   Data           4  malloc.o(.ARM.__AT_0xC01F4040)



==============================================================================

Memory Map of the image

  Image Entry point : 0x080001ad

  Load Region LR_IROM1 (Base: 0x08000000, Size: 0x000d3084, Max: 0x00200000, ABSOLUTE, COMPRESSED[0x000d2c40])

    Execution Region ER_IROM1 (Exec base: 0x08000000, Load base: 0x08000000, Size: 0x000d2b90, Max: 0x00200000, ABSOLUTE)

    Exec Addr    Load Addr    Size         Type   Attr      Idx    E Section Name        Object

    0x08000000   0x08000000   0x000001ac   Data   RO            3    RESET               startup_stm32f429xx.o
    0x080001ac   0x080001ac   0x00000000   Code   RO         4554  * .ARM.Collect$$$$00000000  mc_w.l(entry.o)
    0x080001ac   0x080001ac   0x00000004   Code   RO         4822    .ARM.Collect$$$$00000001  mc_w.l(entry2.o)
    0x080001b0   0x080001b0   0x00000004   Code   RO         4825    .ARM.Collect$$$$00000004  mc_w.l(entry5.o)
    0x080001b4   0x080001b4   0x00000000   Code   RO         4827    .ARM.Collect$$$$00000008  mc_w.l(entry7b.o)
    0x080001b4   0x080001b4   0x00000000   Code   RO         4829    .ARM.Collect$$$$0000000A  mc_w.l(entry8b.o)
    0x080001b4   0x080001b4   0x00000008   Code   RO         4830    .ARM.Collect$$$$0000000B  mc_w.l(entry9a.o)
    0x080001bc   0x080001bc   0x00000000   Code   RO         4832    .ARM.Collect$$$$0000000D  mc_w.l(entry10a.o)
    0x080001bc   0x080001bc   0x00000000   Code   RO         4834    .ARM.Collect$$$$0000000F  mc_w.l(entry11a.o)
    0x080001bc   0x080001bc   0x00000004   Code   RO         4823    .ARM.Collect$$$$00002712  mc_w.l(entry2.o)
    0x080001c0   0x080001c0   0x00000024   Code   RO            4    .text               startup_stm32f429xx.o
    0x080001e4   0x080001e4   0x00000062   Code   RO         4557    .text               mc_w.l(uldiv.o)
    0x08000246   0x08000246   0x00000024   Code   RO         4559    .text               mc_w.l(memseta.o)
    0x0800026a   0x0800026a   0x0000001e   Code   RO         4839    .text               mc_w.l(llshl.o)
    0x08000288   0x08000288   0x00000020   Code   RO         4841    .text               mc_w.l(llushr.o)
    0x080002a8   0x080002a8   0x00000024   Code   RO         4854    .text               mc_w.l(init.o)
    0x080002cc   0x080002cc   0x00000056   Code   RO         4868    .text               mc_w.l(__dczerorl2.o)
    0x08000322   0x08000322   0x00000002   Code   RO          594    i.BusFault_Handler  stm32f4xx_it.o
    0x08000324   0x08000324   0x00000038   Code   RO         4149    i.Check_WKUP        wkup.o
    0x0800035c   0x0800035c   0x00000002   Code   RO          595    i.DebugMon_Handler  stm32f4xx_it.o
    0x0800035e   0x0800035e   0x00000006   Code   RO         4150    i.EXTI0_IRQHandler  wkup.o
    0x08000364   0x08000364   0x00000032   Code   RO         3566    i.FMC_NAND_AttributeSpace_Timing_Init  stm32f4xx_ll_fmc.o
    0x08000396   0x08000396   0x00000002   PAD
    0x08000398   0x08000398   0x00000032   Code   RO         3567    i.FMC_NAND_CommonSpace_Timing_Init  stm32f4xx_ll_fmc.o
    0x080003ca   0x080003ca   0x00000002   PAD
    0x080003cc   0x080003cc   0x00000050   Code   RO         3572    i.FMC_NAND_Init     stm32f4xx_ll_fmc.o
    0x0800041c   0x0800041c   0x00000030   Code   RO         4289    i.FTL_BadBlockMark  ftl.o
    0x0800044c   0x0800044c   0x000000d0   Code   RO         4290    i.FTL_BlockCompare  ftl.o
    0x0800051c   0x0800051c   0x0000004c   Code   RO         4291    i.FTL_CheckBadBlock  ftl.o
    0x08000568   0x08000568   0x000000e0   Code   RO         4292    i.FTL_CopyAndWriteToBlock  ftl.o
    0x08000648   0x08000648   0x000000c8   Code   RO         4293    i.FTL_CreateLUT     ftl.o
    0x08000710   0x08000710   0x0000004c   Code   RO         4294    i.FTL_FindSamePlaneUnusedBlock  ftl.o
    0x0800075c   0x0800075c   0x00000044   Code   RO         4295    i.FTL_FindUnusedBlock  ftl.o
    0x080007a0   0x080007a0   0x000000c0   Code   RO         4296    i.FTL_Format        ftl.o
    0x08000860   0x08000860   0x000000e0   Code   RO         4297    i.FTL_Init          ftl.o
    0x08000940   0x08000940   0x0000001c   Code   RO         4298    i.FTL_LBNToPBN      ftl.o
    0x0800095c   0x0800095c   0x00000118   Code   RO         4299    i.FTL_ReadSectors   ftl.o
    0x08000a74   0x08000a74   0x00000020   Code   RO         4301    i.FTL_UsedBlockMark  ftl.o
    0x08000a94   0x08000a94   0x00000118   Code   RO         4302    i.FTL_WriteSectors  ftl.o
    0x08000bac   0x08000bac   0x00000024   Code   RO         4151    i.HAL_GPIO_EXTI_Callback  wkup.o
    0x08000bd0   0x08000bd0   0x00000018   Code   RO         2366    i.HAL_GPIO_EXTI_IRQHandler  stm32f4xx_hal_gpio.o
    0x08000be8   0x08000be8   0x000001cc   Code   RO         2367    i.HAL_GPIO_Init     stm32f4xx_hal_gpio.o
    0x08000db4   0x08000db4   0x0000000a   Code   RO         2369    i.HAL_GPIO_ReadPin  stm32f4xx_hal_gpio.o
    0x08000dbe   0x08000dbe   0x0000000a   Code   RO         2371    i.HAL_GPIO_WritePin  stm32f4xx_hal_gpio.o
    0x08000dc8   0x08000dc8   0x0000000c   Code   RO         2919    i.HAL_GetTick       stm32f4xx_hal.o
    0x08000dd4   0x08000dd4   0x00000010   Code   RO         2923    i.HAL_IncTick       stm32f4xx_hal.o
    0x08000de4   0x08000de4   0x00000034   Code   RO         2924    i.HAL_Init          stm32f4xx_hal.o
    0x08000e18   0x08000e18   0x00000040   Code   RO         2925    i.HAL_InitTick      stm32f4xx_hal.o
    0x08000e58   0x08000e58   0x00000030   Code   RO          672    i.HAL_MspInit       stm32f4xx_hal_msp.o
    0x08000e88   0x08000e88   0x00000062   Code   RO         3414    i.HAL_NAND_Init     stm32f4xx_hal_nand.o
    0x08000eea   0x08000eea   0x00000002   PAD
    0x08000eec   0x08000eec   0x0000009c   Code   RO         4408    i.HAL_NAND_MspInit  nand.o
    0x08000f88   0x08000f88   0x00000040   Code   RO         2780    i.HAL_NVIC_SetPriority  stm32f4xx_hal_cortex.o
    0x08000fc8   0x08000fc8   0x00000024   Code   RO         2781    i.HAL_NVIC_SetPriorityGrouping  stm32f4xx_hal_cortex.o
    0x08000fec   0x08000fec   0x00000070   Code   RO         2703    i.HAL_PWREx_EnableOverDrive  stm32f4xx_hal_pwr_ex.o
    0x0800105c   0x0800105c   0x0000000c   Code   RO         2584    i.HAL_PWR_EnableBkUpAccess  stm32f4xx_hal_pwr.o
    0x08001068   0x08001068   0x00000010   Code   RO         2588    i.HAL_PWR_EnableWakeUpPin  stm32f4xx_hal_pwr.o
    0x08001078   0x08001078   0x00000020   Code   RO         2590    i.HAL_PWR_EnterSTANDBYMode  stm32f4xx_hal_pwr.o
    0x08001098   0x08001098   0x00000130   Code   RO         1961    i.HAL_RCC_ClockConfig  stm32f4xx_hal_rcc.o
    0x080011c8   0x080011c8   0x00000064   Code   RO         1970    i.HAL_RCC_GetSysClockFreq  stm32f4xx_hal_rcc.o
    0x0800122c   0x0800122c   0x0000031c   Code   RO         1973    i.HAL_RCC_OscConfig  stm32f4xx_hal_rcc.o
    0x08001548   0x08001548   0x00000018   Code   RO         2783    i.HAL_SYSTICK_CLKSourceConfig  stm32f4xx_hal_cortex.o
    0x08001560   0x08001560   0x00000028   Code   RO         2785    i.HAL_SYSTICK_Config  stm32f4xx_hal_cortex.o
    0x08001588   0x08001588   0x00000002   Code   RO          596    i.HardFault_Handler  stm32f4xx_it.o
    0x0800158a   0x0800158a   0x00000002   PAD
    0x0800158c   0x0800158c   0x00000088   Code   RO           15    i.LCD_GPIO_Init     lcd144_dri_1.o
    0x08001614   0x08001614   0x00000210   Code   RO           18    i.Lcd_Init          lcd144_dri_1.o
    0x08001824   0x08001824   0x0000002c   Code   RO           19    i.Lcd_Reset         lcd144_dri_1.o
    0x08001850   0x08001850   0x0000002c   Code   RO           21    i.Lcd_SetXY         lcd144_dri_1.o
    0x0800187c   0x0800187c   0x00000020   Code   RO           22    i.Lcd_WriteData     lcd144_dri_1.o
    0x0800189c   0x0800189c   0x00000014   Code   RO           23    i.Lcd_WriteData_16Bit  lcd144_dri_1.o
    0x080018b0   0x080018b0   0x00000020   Code   RO           24    i.Lcd_WriteIndex    lcd144_dri_1.o
    0x080018d0   0x080018d0   0x00000002   Code   RO          597    i.MemManage_Handler  stm32f4xx_it.o
    0x080018d2   0x080018d2   0x00000002   PAD
    0x080018d4   0x080018d4   0x000001c4   Code   RO         4409    i.NAND_CopyPageWithWrite  nand.o
    0x08001a98   0x08001a98   0x00000084   Code   RO         4410    i.NAND_CopyPageWithoutWrite  nand.o
    0x08001b1c   0x08001b1c   0x00000010   Code   RO         4411    i.NAND_Delay        nand.o
    0x08001b2c   0x08001b2c   0x00000098   Code   RO         4412    i.NAND_ECC_Correction  nand.o
    0x08001bc4   0x08001bc4   0x00000030   Code   RO         4413    i.NAND_ECC_Get_OE   nand.o
    0x08001bf4   0x08001bf4   0x00000058   Code   RO         4414    i.NAND_EraseBlock   nand.o
    0x08001c4c   0x08001c4c   0x000000ac   Code   RO         4416    i.NAND_Init         nand.o
    0x08001cf8   0x08001cf8   0x00000034   Code   RO         4417    i.NAND_ModeSet      nand.o
    0x08001d2c   0x08001d2c   0x0000004c   Code   RO         4418    i.NAND_ReadID       nand.o
    0x08001d78   0x08001d78   0x00000240   Code   RO         4419    i.NAND_ReadPage     nand.o
    0x08001fb8   0x08001fb8   0x00000068   Code   RO         4420    i.NAND_ReadPageComp  nand.o
    0x08002020   0x08002020   0x00000020   Code   RO         4421    i.NAND_ReadSpare    nand.o
    0x08002040   0x08002040   0x00000028   Code   RO         4422    i.NAND_ReadStatus   nand.o
    0x08002068   0x08002068   0x0000001c   Code   RO         4423    i.NAND_Reset        nand.o
    0x08002084   0x08002084   0x00000026   Code   RO         4424    i.NAND_WaitForReady  nand.o
    0x080020aa   0x080020aa   0x00000002   PAD
    0x080020ac   0x080020ac   0x00000034   Code   RO         4425    i.NAND_WaitRB       nand.o
    0x080020e0   0x080020e0   0x00000160   Code   RO         4426    i.NAND_WritePage    nand.o
    0x08002240   0x08002240   0x0000005c   Code   RO         4427    i.NAND_WritePageConst  nand.o
    0x0800229c   0x0800229c   0x00000020   Code   RO         4428    i.NAND_WriteSpare   nand.o
    0x080022bc   0x080022bc   0x00000002   Code   RO          598    i.NMI_Handler       stm32f4xx_it.o
    0x080022be   0x080022be   0x00000020   Code   RO         2787    i.NVIC_SetPriority  stm32f4xx_hal_cortex.o
    0x080022de   0x080022de   0x0000001e   Code   RO          820    i.OLED_OFF          oled.o
    0x080022fc   0x080022fc   0x00000070   Code   RO          824    i.OLED_WR_Byte      oled.o
    0x0800236c   0x0800236c   0x00000002   Code   RO          599    i.PendSV_Handler    stm32f4xx_it.o
    0x0800236e   0x0800236e   0x00000002   PAD
    0x08002370   0x08002370   0x00000034   Code   RO           25    i.SPIv_WriteData    lcd144_dri_1.o
    0x080023a4   0x080023a4   0x00000002   Code   RO          600    i.SVC_Handler       stm32f4xx_it.o
    0x080023a6   0x080023a6   0x00000004   Code   RO          601    i.SysTick_Handler   stm32f4xx_it.o
    0x080023aa   0x080023aa   0x00000002   PAD
    0x080023ac   0x080023ac   0x00000054   Code   RO         4152    i.Sys_Enter_Standby  wkup.o
    0x08002400   0x08002400   0x00000088   Code   RO          349    i.SystemClock_Config  main.o
    0x08002488   0x08002488   0x00000054   Code   RO         3747    i.SystemInit        system_stm32f4xx.o
    0x080024dc   0x080024dc   0x00000002   Code   RO          602    i.UsageFault_Handler  stm32f4xx_it.o
    0x080024de   0x080024de   0x00000002   PAD
    0x080024e0   0x080024e0   0x00000020   Code   RO         4694    i.__0printf$5       mc_w.l(printf5.o)
    0x08002500   0x08002500   0x0000000e   Code   RO         4862    i.__scatterload_copy  mc_w.l(handlers.o)
    0x0800250e   0x0800250e   0x00000002   Code   RO         4863    i.__scatterload_null  mc_w.l(handlers.o)
    0x08002510   0x08002510   0x0000000e   Code   RO         4864    i.__scatterload_zeroinit  mc_w.l(handlers.o)
    0x0800251e   0x0800251e   0x00000002   PAD
    0x08002520   0x08002520   0x000002c0   Code   RO         4701    i._printf_core      mc_w.l(printf5.o)
    0x080027e0   0x080027e0   0x0000004c   Code   RO          699    i.back_init         pwm_back.o
    0x0800282c   0x0800282c   0x00000014   Code   RO         3784    i.delay_init        delay.o
    0x08002840   0x08002840   0x0000001a   Code   RO         3785    i.delay_ms          delay.o
    0x0800285a   0x0800285a   0x00000002   PAD
    0x0800285c   0x0800285c   0x00000034   Code   RO         3786    i.delay_us          delay.o
    0x08002890   0x08002890   0x00000002   Code   RO          350    i.fputc             main.o
    0x08002892   0x08002892   0x00000012   Code   RO           26    i.lcd_display_off   lcd144_dri_1.o
    0x080028a4   0x080028a4   0x00000012   Code   RO           27    i.lcd_display_on    lcd144_dri_1.o
    0x080028b6   0x080028b6   0x00000002   PAD
    0x080028b8   0x080028b8   0x000000d4   Code   RO          351    i.main              main.o
    0x0800298c   0x0800298c   0x00000058   Code   RO         4206    i.my_mem_free       malloc.o
    0x080029e4   0x080029e4   0x0000002c   Code   RO         4207    i.my_mem_init       malloc.o
    0x08002a10   0x08002a10   0x00000088   Code   RO         4208    i.my_mem_malloc     malloc.o
    0x08002a98   0x08002a98   0x0000003c   Code   RO         4209    i.my_mem_perused    malloc.o
    0x08002ad4   0x08002ad4   0x00000018   Code   RO         4210    i.myfree            malloc.o
    0x08002aec   0x08002aec   0x00000020   Code   RO         4211    i.mymalloc          malloc.o
    0x08002b0c   0x08002b0c   0x0000000e   Code   RO         4213    i.mymemset          malloc.o
    0x08002b1a   0x08002b1a   0x00000002   PAD
    0x08002b1c   0x08002b1c   0x00000010   Code   RO          700    i.pwm_back_led_off  pwm_back.o
    0x08002b2c   0x08002b2c   0x00000010   Code   RO          701    i.pwm_back_led_on   pwm_back.o
    0x08002b3c   0x08002b3c   0x00008000   Data   RO          354    .constdata          main.o
    0x0800ab3c   0x0800ab3c   0x00008000   Data   RO          355    .constdata          main.o
    0x08012b3c   0x08012b3c   0x00008000   Data   RO          356    .constdata          main.o
    0x0801ab3c   0x0801ab3c   0x00008000   Data   RO          357    .constdata          main.o
    0x08022b3c   0x08022b3c   0x00008000   Data   RO          358    .constdata          main.o
    0x0802ab3c   0x0802ab3c   0x00008000   Data   RO          359    .constdata          main.o
    0x08032b3c   0x08032b3c   0x00008000   Data   RO          360    .constdata          main.o
    0x0803ab3c   0x0803ab3c   0x00008000   Data   RO          361    .constdata          main.o
    0x08042b3c   0x08042b3c   0x00008000   Data   RO          362    .constdata          main.o
    0x0804ab3c   0x0804ab3c   0x00008000   Data   RO          363    .constdata          main.o
    0x08052b3c   0x08052b3c   0x00008000   Data   RO          364    .constdata          main.o
    0x0805ab3c   0x0805ab3c   0x00008000   Data   RO          365    .constdata          main.o
    0x08062b3c   0x08062b3c   0x00008000   Data   RO          366    .constdata          main.o
    0x0806ab3c   0x0806ab3c   0x00008000   Data   RO          367    .constdata          main.o
    0x08072b3c   0x08072b3c   0x00008000   Data   RO          368    .constdata          main.o
    0x0807ab3c   0x0807ab3c   0x00008000   Data   RO          369    .constdata          main.o
    0x08082b3c   0x08082b3c   0x00008000   Data   RO          370    .constdata          main.o
    0x0808ab3c   0x0808ab3c   0x00008000   Data   RO          371    .constdata          main.o
    0x08092b3c   0x08092b3c   0x00008000   Data   RO          372    .constdata          main.o
    0x0809ab3c   0x0809ab3c   0x00008000   Data   RO          373    .constdata          main.o
    0x080a2b3c   0x080a2b3c   0x00008000   Data   RO          374    .constdata          main.o
    0x080aab3c   0x080aab3c   0x00008000   Data   RO          375    .constdata          main.o
    0x080b2b3c   0x080b2b3c   0x00008000   Data   RO          376    .constdata          main.o
    0x080bab3c   0x080bab3c   0x00008000   Data   RO          377    .constdata          main.o
    0x080c2b3c   0x080c2b3c   0x00008000   Data   RO          378    .constdata          main.o
    0x080cab3c   0x080cab3c   0x00008000   Data   RO          379    .constdata          main.o
    0x080d2b3c   0x080d2b3c   0x00000010   Data   RO         3748    .constdata          system_stm32f4xx.o
    0x080d2b4c   0x080d2b4c   0x00000024   Data   RO         4221    .constdata          malloc.o
    0x080d2b70   0x080d2b70   0x00000020   Data   RO         4860    Region$$Table       anon$$obj.o


    Execution Region RW_IRAM1 (Exec base: 0x20000000, Load base: 0x080d2b90, Size: 0x0002b7a0, Max: 0x00030000, ABSOLUTE, COMPRESSED[0x000000b0])

    Exec Addr    Load Addr    Size         Type   Attr      Idx    E Section Name        Object

    0x20000000   COMPRESSED   0x000004b4   Data   RW          380    .data               main.o
    0x200004b4   COMPRESSED   0x0000000c   Data   RW         2931    .data               stm32f4xx_hal.o
    0x200004c0   COMPRESSED   0x00000004   Data   RW         3750    .data               system_stm32f4xx.o
    0x200004c4   COMPRESSED   0x00000004   Data   RW         3787    .data               delay.o
    0x200004c8   COMPRESSED   0x00000024   Data   RW         4222    .data               malloc.o
    0x200004ec   COMPRESSED   0x00000004   Data   RW         4303    .data               ftl.o
    0x200004f0   COMPRESSED   0x00000004   Data   RW         4836    .data               mc_w.l(stdout.o)
    0x200004f4        -       0x00000200   Zero   RW          353    .bss                main.o
    0x200006f4   COMPRESSED   0x0000000c   PAD
    0x20000700        -       0x00028000   Zero   RW         4219    .bss                malloc.o
    0x20028700        -       0x00002800   Zero   RW         4220    .bss                malloc.o
    0x2002af00        -       0x0000009c   Zero   RW         4429    .bss                nand.o
    0x2002af9c   COMPRESSED   0x00000004   PAD
    0x2002afa0        -       0x00000800   Zero   RW            1    STACK               startup_stm32f429xx.o



  Load Region LR$$.ARM.__AT_0x10000000 (Base: 0x10000000, Size: 0x00000000, Max: 0x0000f000, ABSOLUTE)

    Execution Region ER$$.ARM.__AT_0x10000000 (Exec base: 0x10000000, Load base: 0x10000000, Size: 0x0000f000, Max: 0x0000f000, ABSOLUTE, UNINIT)

    Exec Addr    Load Addr    Size         Type   Attr      Idx    E Section Name        Object

    0x10000000        -       0x0000f000   Zero   RW         4215    .ARM.__AT_0x10000000  malloc.o



  Load Region LR$$.ARM.__AT_0x1000F000 (Base: 0x1000f000, Size: 0x00000000, Max: 0x00000f00, ABSOLUTE)

    Execution Region ER$$.ARM.__AT_0x1000F000 (Exec base: 0x1000f000, Load base: 0x1000f000, Size: 0x00000f00, Max: 0x00000f00, ABSOLUTE, UNINIT)

    Exec Addr    Load Addr    Size         Type   Attr      Idx    E Section Name        Object

    0x1000f000        -       0x00000f00   Zero   RW         4216    .ARM.__AT_0x1000F000  malloc.o



  Load Region LR$$.ARM.__AT_0xC01F4000 (Base: 0xc01f4000, Size: 0x00000000, Max: 0x00000040, ABSOLUTE)

    Execution Region ER$$.ARM.__AT_0xC01F4000 (Exec base: 0xc01f4000, Load base: 0xc01f4000, Size: 0x00000040, Max: 0x00000040, ABSOLUTE, UNINIT)

    Exec Addr    Load Addr    Size         Type   Attr      Idx    E Section Name        Object

    0xc01f4000        -       0x00000040   Zero   RW         4217    .ARM.__AT_0xC01F4000  malloc.o



  Load Region LR$$.ARM.__AT_0xC01F4040 (Base: 0xc01f4040, Size: 0x00000000, Max: 0x00000004, ABSOLUTE)

    Execution Region ER$$.ARM.__AT_0xC01F4040 (Exec base: 0xc01f4040, Load base: 0xc01f4040, Size: 0x00000004, Max: 0x00000004, ABSOLUTE, UNINIT)

    Exec Addr    Load Addr    Size         Type   Attr      Idx    E Section Name        Object

    0xc01f4040        -       0x00000004   Zero   RW         4218    .ARM.__AT_0xC01F4040  malloc.o


==============================================================================

Image component sizes


      Code (inc. data)   RO Data    RW Data    ZI Data      Debug   Object Name

        98          8          0          4          0       2135   delay.o
      1936        292          0          4          0      11607   ftl.o
       924         32          0          0          0     678154   lcd144_dri_1.o
       350         22     851968       1204        512      79592   main.o
       398         42         36         36     239428       7197   malloc.o
         0          0          0          0          0     705292   music.o
      2690        284          0          0        156      19813   nand.o
       142         10          0          0          0       2611   oled.o
       108         18          0          0          0       2037   pwm_back.o
        36          8        428          0       2048        916   startup_stm32f429xx.o
       144         24          0         12          0       4477   stm32f4xx_hal.o
       196         14          0          0          0      30624   stm32f4xx_hal_cortex.o
       504         58          0          0          0       3906   stm32f4xx_hal_gpio.o
        48          6          0          0          0       1018   stm32f4xx_hal_msp.o
        98          0          0          0          0       1332   stm32f4xx_hal_nand.o
        60         18          0          0          0       1944   stm32f4xx_hal_pwr.o
       112         14          0          0          0       1476   stm32f4xx_hal_pwr_ex.o
      1200         56          0          0          0       4134   stm32f4xx_hal_rcc.o
        20          0          0          0          0       4946   stm32f4xx_it.o
       180          6          0          0          0       2825   stm32f4xx_ll_fmc.o
        84         18         16          4          0       1443   system_stm32f4xx.o
       182         16          0          0          0       2953   wkup.o

    ----------------------------------------------------------------------
      9534        946     852480       1264     242160    1570432   Object Totals
         0          0         32          0          0          0   (incl. Generated)
        24          0          0          0         16          0   (incl. Padding)

    ----------------------------------------------------------------------

      Code (inc. data)   RO Data    RW Data    ZI Data      Debug   Library Member Name

        86          0          0          0          0          0   __dczerorl2.o
         0          0          0          0          0          0   entry.o
         0          0          0          0          0          0   entry10a.o
         0          0          0          0          0          0   entry11a.o
         8          4          0          0          0          0   entry2.o
         4          0          0          0          0          0   entry5.o
         0          0          0          0          0          0   entry7b.o
         0          0          0          0          0          0   entry8b.o
         8          4          0          0          0          0   entry9a.o
        30          0          0          0          0          0   handlers.o
        36          8          0          0          0         68   init.o
        30          0          0          0          0         68   llshl.o
        32          0          0          0          0         68   llushr.o
        36          0          0          0          0        108   memseta.o
       736         56          0          0          0        184   printf5.o
         0          0          0          4          0          0   stdout.o
        98          0          0          0          0         92   uldiv.o

    ----------------------------------------------------------------------
      1106         72          0          4          0        588   Library Totals
         2          0          0          0          0          0   (incl. Padding)

    ----------------------------------------------------------------------

      Code (inc. data)   RO Data    RW Data    ZI Data      Debug   Library Name

      1104         72          0          4          0        588   mc_w.l

    ----------------------------------------------------------------------
      1106         72          0          4          0        588   Library Totals

    ----------------------------------------------------------------------

==============================================================================


      Code (inc. data)   RO Data    RW Data    ZI Data      Debug   

     10640       1018     852480       1268     242160    1561996   Grand Totals
     10640       1018     852480        176     242160    1561996   ELF Image Totals (compressed)
     10640       1018     852480        176          0          0   ROM Totals

==============================================================================

    Total RO  Size (Code + RO Data)               863120 ( 842.89kB)
    Total RW  Size (RW Data + ZI Data)            243428 ( 237.72kB)
    Total ROM Size (Code + RO Data + RW Data)     863296 ( 843.06kB)

==============================================================================

