<html>
<body>
<pre>
<h1>µVision Build Log</h1>
<h2>Tool Versions:</h2>
IDE-Version: ¦ÌVision V5.25.3.0
Copyright (C) 2018 ARM Ltd and ARM Germany GmbH. All rights reserved.
License Information: jia 89298, jia, LIC=CRMNN-YEFAP-LUR4M-X1X2X-U9XM8-LTGF0
 
Tool Versions:
Toolchain:       MDK-ARM Professional  Version: 5.14.0.0
Toolchain Path:  D:\Program FilesKeil_v5\ARM\ARMCC\Bin
C Compiler:      Armcc.exe V5.05 update 1 (build 106)
Assembler:       Armasm.exe V5.05 update 1 (build 106)
Linker/Locator:  ArmLink.exe V5.05 update 1 (build 106)
Library Manager: ArmAr.exe V5.05 update 1 (build 106)
Hex Converter:   FromElf.exe V5.05 update 1 (build 106)
CPU DLL:         SARMCM3.DLL V5.14.0.0
Dialog DLL:      DCM.DLL V1.13.1.0
Target DLL:      STLink\ST-LINKIII-KEIL_SWO.dll V2.0.14.0_KEIL
Dialog DLL:      TCM.DLL V1.14.4.0
 
<h2>Project:</h2>
C:\Users\89298\Desktop\Work\ProtectEye\C\ST_F429VIT6_V0\NAND\lcd_nand_read\lcd_dri_v_0 - PoEdit - 1oled\MDK-ARM\lcd_dri_v_0.uvprojx
Project File Date:  08/08/2019

<h2>Output:</h2>
*** Using Compiler 'V5.05 update 1 (build 106)', folder: 'D:\Program FilesKeil_v5\ARM\ARMCC\Bin'
Build target 'lcd_dri_v_0'
compiling main.c...
.\OutDri\lcd144_dri.h(136): warning:  #1-D: last line of file ends without a newline
  #endif
.\OutDri\lcd144_2.h(96): warning:  #1-D: last line of file ends without a newline
  #endif
..\MDK-ARM\pwm_back.h(84): warning:  #1-D: last line of file ends without a newline
  #endif
..\MDK-ARM\button.h(80): warning:  #1-D: last line of file ends without a newline
  #endif
..\MDK-ARM\oled.h(106): warning:  #1-D: last line of file ends without a newline
  #endif
..\MDK-ARM\music.h(73): warning:  #1-D: last line of file ends without a newline
  #endif
..\MDK-ARM\e_cure.h(7): warning:  #1-D: last line of file ends without a newline
  #endif
../Src/main.c(18634): warning:  #177-D: variable "pem_n" was declared but never referenced
  	uint16_t pem_n=0;
../Src/main.c(18635): warning:  #177-D: variable "c_flag" was declared but never referenced
    static uint8_t c_flag = 0; 
../Src/main.c(18637): warning:  #177-D: variable "sec" was declared but never referenced
  	uint8_t  sec=0;
../Src/main.c(19077): warning:  #1-D: last line of file ends without a newline
  /************************ (C) COPYRIGHT STMicroelectronics *****END OF FILE****/
../Src/main.c: 12 warnings, 0 errors
linking...
Program Size: Code=15764 RO-data=263848 RW-data=128 ZI-data=243236  
FromELF: creating hex file...
"lcd_dri_v_0\lcd_dri_v_0.axf" - 0 Error(s), 11 Warning(s).

<h2>Software Packages used:</h2>

Package Vendor: ARM
                http://www.keil.com/pack/ARM.CMSIS.4.2.0.pack
                ARM.CMSIS.4.2.0
                CMSIS (Cortex Microcontroller Software Interface Standard)
   * Component: CORE Version: 3.40.0

<h2>Collection of Component include folders:</h2>
  .\RTE\_lcd_dri_v_0
  D:\Program FilesKeil_v5\ARM\PACK\ARM\CMSIS\4.2.0\CMSIS\Include

<h2>Collection of Component Files used:</h2>

   * Component: ARM::CMSIS:CORE:3.40.0
      Source file:   CMSIS\UserCodeTemplates\ARM\ITM_Retarget.c
Build Time Elapsed:  00:00:15
</pre>
</body>
</html>
